Compiling 347 files with Solc 0.8.27
Solc 0.8.27 finished in 105.22s
Compiler run successful with warnings:
Warning (5740): Unreachable code.
  --> dependencies/@openzeppelin-contracts-upgradeable-5.2.0/utils/ReentrancyGuardUpgradeable.sol:79:9:
   |
79 |         _nonReentrantAfter();
   |         ^^^^^^^^^^^^^^^^^^^^

Warning (5740): Unreachable code.
   --> dependencies/@openzeppelin-contracts-upgradeable-5.2.0/proxy/utils/Initializable.sol:128:9:
    |
128 |         if (isTopLevelCall) {
    |         ^ (Relevant source part starts here and spans across multiple lines).

Warning (6321): Unnamed return variable can remain unassigned. Add an explicit return with value to all non-reverting code paths or name the variable.
   --> test/v2/utils/DeployUtils.sol:117:80:
    |
117 |     function deployMockTokens(Res memory res, address admin) internal returns (Res memory) {
    |                                                                                ^^^^^^^^^^

Warning (2072): Unused local variable.
   --> contracts/v1/router/TermMaxRouter.sol:424:23:
    |
424 |         (IERC20 ft,,, address collateralAddr, IERC20 debtToken) = market.tokens();
    |                       ^^^^^^^^^^^^^^^^^^^^^^

Warning (2072): Unused local variable.
   --> contracts/v1/router/TermMaxRouter_Repay_Gt.sol:459:23:
    |
459 |         (IERC20 ft,,, address collateralAddr, IERC20 debtToken) = market.tokens();
    |                       ^^^^^^^^^^^^^^^^^^^^^^

Warning (5667): Unused function parameter. Remove or comment out the variable name to silence this warning.
   --> contracts/v1/router/TermMaxRouter_V1_1_2.sol:471:9:
    |
471 |         address recipient,
    |         ^^^^^^^^^^^^^^^^^

Warning (5667): Unused function parameter. Remove or comment out the variable name to silence this warning.
   --> contracts/v1/router/TermMaxRouter_V1_1_2.sol:473:9:
    |
473 |         uint256 gtId,
    |         ^^^^^^^^^^^^

Warning (5667): Unused function parameter. Remove or comment out the variable name to silence this warning.
   --> contracts/v1/router/TermMaxRouter_V1_1_2.sol:474:9:
    |
474 |         ITermMaxOrder[] memory orders,
    |         ^^^^^^^^^^^^^^^^^^^^^^^^^^^^^

Warning (5667): Unused function parameter. Remove or comment out the variable name to silence this warning.
   --> contracts/v1/router/TermMaxRouter_V1_1_2.sol:475:9:
    |
475 |         uint128[] memory amtsToBuyFt,
    |         ^^^^^^^^^^^^^^^^^^^^^^^^^^^^

Warning (5667): Unused function parameter. Remove or comment out the variable name to silence this warning.
   --> contracts/v1/router/TermMaxRouter_V1_1_2.sol:476:9:
    |
476 |         bool byDebtToken,
    |         ^^^^^^^^^^^^^^^^

Warning (5667): Unused function parameter. Remove or comment out the variable name to silence this warning.
   --> contracts/v1/router/TermMaxRouter_V1_1_2.sol:477:9:
    |
477 |         SwapUnit[] memory units,
    |         ^^^^^^^^^^^^^^^^^^^^^^^

Warning (5667): Unused function parameter. Remove or comment out the variable name to silence this warning.
   --> contracts/v1/router/TermMaxRouter_V1_1_2.sol:478:9:
    |
478 |         uint256 deadline
    |         ^^^^^^^^^^^^^^^^

Warning (5667): Unused function parameter. Remove or comment out the variable name to silence this warning.
   --> contracts/v1/router/TermMaxRouter_V1_1_2.sol:479:85:
    |
479 |     ) external nonReentrant whenNotPaused onlyWhitelisted(address(market)) returns (uint256 netTokenOut) {
    |                                                                                     ^^^^^^^^^^^^^^^^^^^

Warning (2072): Unused local variable.
   --> contracts/v1/router/TermMaxRouter_V1_1_2.sol:550:23:
    |
550 |         (IERC20 ft,,, address collateralAddr, IERC20 debtToken) = market.tokens();
    |                       ^^^^^^^^^^^^^^^^^^^^^^

Warning (5667): Unused function parameter. Remove or comment out the variable name to silence this warning.
   --> contracts/v2/TermMaxOrderV2.sol:313:26:
    |
313 |     function updateOrder(OrderConfig memory newOrderConfig, int256 ftChangeAmt, int256 xtChangeAmt)
    |                          ^^^^^^^^^^^^^^^^^^^^^^^^^^^^^^^^^

Warning (5667): Unused function parameter. Remove or comment out the variable name to silence this warning.
   --> contracts/v2/TermMaxOrderV2.sol:313:61:
    |
313 |     function updateOrder(OrderConfig memory newOrderConfig, int256 ftChangeAmt, int256 xtChangeAmt)
    |                                                             ^^^^^^^^^^^^^^^^^^

Warning (5667): Unused function parameter. Remove or comment out the variable name to silence this warning.
   --> contracts/v2/TermMaxOrderV2.sol:313:81:
    |
313 |     function updateOrder(OrderConfig memory newOrderConfig, int256 ftChangeAmt, int256 xtChangeAmt)
    |                                                                                 ^^^^^^^^^^^^^^^^^^

Warning (5667): Unused function parameter. Remove or comment out the variable name to silence this warning.
   --> contracts/v2/TermMaxOrderV2.sol:456:30:
    |
456 |     function updateFeeConfig(FeeConfig memory newFeeConfig) external virtual override onlyMarket {
    |                              ^^^^^^^^^^^^^^^^^^^^^^^^^^^^^

Warning (5667): Unused function parameter. Remove or comment out the variable name to silence this warning.
   --> contracts/v2/access/AccessManagerV2.sol:144:27:
    |
144 |     function renounceRole(bytes32 role, address callerConfirmation) public override {
    |                           ^^^^^^^^^^^^

Warning (5667): Unused function parameter. Remove or comment out the variable name to silence this warning.
   --> contracts/v2/access/AccessManagerV2.sol:144:41:
    |
144 |     function renounceRole(bytes32 role, address callerConfirmation) public override {
    |                                         ^^^^^^^^^^^^^^^^^^^^^^^^^^

Warning (5667): Unused function parameter. Remove or comment out the variable name to silence this warning.
  --> contracts/v2/oracle/priceFeeds/TermMaxConstantPriceFeed.sol:27:27:
   |
27 |     function getRoundData(uint80 _roundId)
   |                           ^^^^^^^^^^^^^^^

Warning (5667): Unused function parameter. Remove or comment out the variable name to silence this warning.
  --> contracts/v2/oracle/priceFeeds/TermMaxConstantPriceFeed.sol:31:18:
   |
31 |         returns (uint80 roundId, int256 answer, uint256 startedAt, uint256 updatedAt, uint80 answeredInRound)
   |                  ^^^^^^^^^^^^^^

Warning (5667): Unused function parameter. Remove or comment out the variable name to silence this warning.
  --> contracts/v2/oracle/priceFeeds/TermMaxConstantPriceFeed.sol:43:18:
   |
43 |         returns (uint80 roundId, int256 answer, uint256 startedAt, uint256 updatedAt, uint80 answeredInRound)
   |                  ^^^^^^^^^^^^^^

Warning (5667): Unused function parameter. Remove or comment out the variable name to silence this warning.
  --> contracts/v2/oracle/priceFeeds/TermMaxWeETHPriceCapAdapter.sol:23:18:
   |
23 |         returns (uint80 roundId, int256 answer, uint256 startedAt, uint256 updatedAt, uint80 answeredInRound)
   |                  ^^^^^^^^^^^^^^

Warning (5667): Unused function parameter. Remove or comment out the variable name to silence this warning.
  --> contracts/v2/oracle/priceFeeds/TermMaxWeETHPriceCapAdapter.sol:23:87:
   |
23 |         returns (uint80 roundId, int256 answer, uint256 startedAt, uint256 updatedAt, uint80 answeredInRound)
   |                                                                                       ^^^^^^^^^^^^^^^^^^^^^^

Warning (5667): Unused function parameter. Remove or comment out the variable name to silence this warning.
  --> contracts/v2/test/MockAave.sol:65:21:
   |
65 |     function borrow(address asset, uint256 amount, uint256 interestRateMode, uint16 referralCode, address onBehalfOf)
   |                     ^^^^^^^^^^^^^

Warning (5667): Unused function parameter. Remove or comment out the variable name to silence this warning.
  --> contracts/v2/test/MockAave.sol:65:36:
   |
65 |     function borrow(address asset, uint256 amount, uint256 interestRateMode, uint16 referralCode, address onBehalfOf)
   |                                    ^^^^^^^^^^^^^^

Warning (5667): Unused function parameter. Remove or comment out the variable name to silence this warning.
  --> contracts/v2/test/MockAave.sol:65:52:
   |
65 |     function borrow(address asset, uint256 amount, uint256 interestRateMode, uint16 referralCode, address onBehalfOf)
   |                                                    ^^^^^^^^^^^^^^^^^^^^^^^^

Warning (5667): Unused function parameter. Remove or comment out the variable name to silence this warning.
  --> contracts/v2/test/MockAave.sol:65:78:
   |
65 |     function borrow(address asset, uint256 amount, uint256 interestRateMode, uint16 referralCode, address onBehalfOf)
   |                                                                              ^^^^^^^^^^^^^^^^^^^

Warning (5667): Unused function parameter. Remove or comment out the variable name to silence this warning.
  --> contracts/v2/test/MockAave.sol:65:99:
   |
65 |     function borrow(address asset, uint256 amount, uint256 interestRateMode, uint16 referralCode, address onBehalfOf)
   |                                                                                                   ^^^^^^^^^^^^^^^^^^

Warning (5667): Unused function parameter. Remove or comment out the variable name to silence this warning.
   --> test/v2/utils/DeployUtils.sol:168:82:
    |
168 |     function deployVaultFactory(address accessManager, address whitelistManager, address admin)
    |                                                                                  ^^^^^^^^^^^^^

Warning (2018): Function state mutability can be restricted to pure
   --> contracts/mocks/MockVToken.sol:206:5:
    |
206 |     function accrueInterest() external override returns (uint256) {
    |     ^ (Relevant source part starts here and spans across multiple lines).

Warning (2018): Function state mutability can be restricted to pure
  --> contracts/v1/extensions/PendleHelper.sol:19:5:
   |
19 |     function createTokenInputStruct(address tokenIn, uint256 netTokenIn)
   |     ^ (Relevant source part starts here and spans across multiple lines).

Warning (2018): Function state mutability can be restricted to pure
  --> contracts/v1/extensions/PendleHelper.sol:31:5:
   |
31 |     function createTokenOutputStruct(address tokenOut, uint256 minTokenOut)
   |     ^ (Relevant source part starts here and spans across multiple lines).

Warning (2018): Function state mutability can be restricted to pure
  --> contracts/v1/extensions/PriceFeedConverter.sol:24:5:
   |
24 |     function decimals() public view returns (uint8) {
   |     ^ (Relevant source part starts here and spans across multiple lines).

Warning (2018): Function state mutability can be restricted to pure
  --> contracts/v1/extensions/PriceFeedConverter.sol:38:5:
   |
38 |     function getRoundData(uint80 /* _roundId */ )
   |     ^ (Relevant source part starts here and spans across multiple lines).

Warning (2018): Function state mutability can be restricted to pure
  --> contracts/v1/extensions/PriceFeedWithERC4626.sol:27:5:
   |
27 |     function decimals() public view returns (uint8) {
   |     ^ (Relevant source part starts here and spans across multiple lines).

Warning (2018): Function state mutability can be restricted to pure
  --> contracts/v1/extensions/PriceFeedWithERC4626.sol:39:5:
   |
39 |     function getRoundData(uint80 /* _roundId */ )
   |     ^ (Relevant source part starts here and spans across multiple lines).

Warning (2018): Function state mutability can be restricted to pure
   --> contracts/v2/access/AccessManagerV2.sol:144:5:
    |
144 |     function renounceRole(bytes32 role, address callerConfirmation) public override {
    |     ^ (Relevant source part starts here and spans across multiple lines).

Warning (2018): Function state mutability can be restricted to pure
  --> contracts/v2/oracle/priceFeeds/TermMaxERC4626PriceFeed.sol:32:5:
   |
32 |     function decimals() public view returns (uint8) {
   |     ^ (Relevant source part starts here and spans across multiple lines).

Warning (2018): Function state mutability can be restricted to pure
  --> contracts/v2/oracle/priceFeeds/TermMaxERC4626PriceFeed.sol:45:5:
   |
45 |     function getRoundData(uint80 /* _roundId */ )
   |     ^ (Relevant source part starts here and spans across multiple lines).

Warning (2018): Function state mutability can be restricted to pure
  --> contracts/v2/oracle/priceFeeds/TermMaxPriceFeedConverter.sol:30:5:
   |
30 |     function decimals() public view returns (uint8) {
   |     ^ (Relevant source part starts here and spans across multiple lines).

Warning (2018): Function state mutability can be restricted to pure
  --> contracts/v2/oracle/priceFeeds/TermMaxPriceFeedConverter.sol:43:5:
   |
43 |     function getRoundData(uint80 /* _roundId */ )
   |     ^ (Relevant source part starts here and spans across multiple lines).

Warning (2018): Function state mutability can be restricted to pure
  --> contracts/v2/oracle/priceFeeds/TermMaxConstantPriceFeed.sol:15:5:
   |
15 |     function decimals() external view override returns (uint8) {
   |     ^ (Relevant source part starts here and spans across multiple lines).

Warning (2018): Function state mutability can be restricted to pure
  --> contracts/v2/oracle/priceFeeds/TermMaxConstantPriceFeed.sol:19:5:
   |
19 |     function description() external view override returns (string memory) {
   |     ^ (Relevant source part starts here and spans across multiple lines).

Warning (2018): Function state mutability can be restricted to pure
  --> contracts/v2/oracle/priceFeeds/TermMaxConstantPriceFeed.sol:23:5:
   |
23 |     function version() external view override returns (uint256) {
   |     ^ (Relevant source part starts here and spans across multiple lines).

Warning (2018): Function state mutability can be restricted to pure
  --> contracts/v2/oracle/priceFeeds/TermMaxConstantPriceFeed.sol:51:5:
   |
51 |     function asset() external view override returns (address) {
   |     ^ (Relevant source part starts here and spans across multiple lines).

Warning (2018): Function state mutability can be restricted to pure
  --> contracts/v2/oracle/adapters/xaue/TermMaxXauePricefeedAdapter.sol:25:5:
   |
25 |     function description() external view override returns (string memory) {
   |     ^ (Relevant source part starts here and spans across multiple lines).

Warning (2018): Function state mutability can be restricted to pure
  --> contracts/v2/test/MockAave.sol:65:5:
   |
65 |     function borrow(address asset, uint256 amount, uint256 interestRateMode, uint16 referralCode, address onBehalfOf)
   |     ^ (Relevant source part starts here and spans across multiple lines).

warning[block-timestamp]: usage of `block.timestamp` in a comparison may be manipulated by validators
   ╭▸ contracts/v2/oracle/adapters/ondo/TermMaxOndoPriceFeedAdapter.sol:96:39
   │
96 │         if (maxUpdateInterval != 0 && block.timestamp > lastUpdate + maxUpdateInterval) {
   │                                       ━━━━━━━━━━━━━━━━━━━━━━━━━━━━━━━━━━━━━━━━━━━━━━━━
   │
   ╰ help: https://book.getfoundry.sh/reference/forge/forge-lint#block-timestamp

warning[block-timestamp]: usage of `block.timestamp` in a comparison may be manipulated by validators
    ╭▸ contracts/v2/oracle/adapters/ondo/TermMaxOndoPriceFeedAdapter.sol:101:47
    │
101 │         bool isPaused = pauseStartTime > 0 && block.timestamp >= pauseStartTime;
    │                                               ━━━━━━━━━━━━━━━━━━━━━━━━━━━━━━━━━
    │
    ╰ help: https://book.getfoundry.sh/reference/forge/forge-lint#block-timestamp

warning[unsafe-typecast]: typecasts that can truncate values should be checked
   ╭▸ contracts/v2/oracle/adapters/pharos/TermMaxPharosPriceFeedAdapter.sol:78:17
   │
78 │         return (uint80(updateTime), pharosOracle.latestAnswer(), updateTime, updateTime, uint80(updateTime));
   │                 ━━━━━━━━━━━━━━━━━━
   │
   ├ note: consider disabling this lint if you're certain the cast is safe
   │       
   │       // casting to 'uint80' is safe because [explain why]
   │       // forge-lint: disable-next-line(unsafe-typecast)
   │       
   │       
   ╰ help: https://book.getfoundry.sh/reference/forge/forge-lint#unsafe-typecast

warning[block-timestamp]: usage of `block.timestamp` in a comparison may be manipulated by validators
   ╭▸ contracts/v1/TermMaxOrder.sol:97:13
   │
97 │         if (block.timestamp >= maturity) {
   │             ━━━━━━━━━━━━━━━━━━━━━━━━━━━
   │
   ╰ help: https://book.getfoundry.sh/reference/forge/forge-lint#block-timestamp

warning[unsafe-typecast]: typecasts that can truncate values should be checked
   ╭▸ contracts/v2/oracle/adapters/pharos/TermMaxPharosPriceFeedAdapter.sol:78:90
   │
78 │         return (uint80(updateTime), pharosOracle.latestAnswer(), updateTime, updateTime, uint80(updateTime));
   │                                                                                          ━━━━━━━━━━━━━━━━━━
   │
   ├ note: consider disabling this lint if you're certain the cast is safe
   │       
   │       // casting to 'uint80' is safe because [explain why]
   │       // forge-lint: disable-next-line(unsafe-typecast)
   │       
   │       
   ╰ help: https://book.getfoundry.sh/reference/forge/forge-lint#unsafe-typecast

warning[block-timestamp]: usage of `block.timestamp` in a comparison may be manipulated by validators
    ╭▸ contracts/v1/TermMaxOrder.sol:329:13
    │
329 │         if (block.timestamp > deadline) revert DeadlineExpired();
    │             ━━━━━━━━━━━━━━━━━━━━━━━━━━
    │
    ╰ help: https://book.getfoundry.sh/reference/forge/forge-lint#block-timestamp

warning[block-timestamp]: usage of `block.timestamp` in a comparison may be manipulated by validators
    ╭▸ contracts/v1/TermMaxOrder.sol:539:13
    │
539 │         if (block.timestamp > deadline) revert DeadlineExpired();
    │             ━━━━━━━━━━━━━━━━━━━━━━━━━━
    │
    ╰ help: https://book.getfoundry.sh/reference/forge/forge-lint#block-timestamp

warning[block-timestamp]: usage of `block.timestamp` in a comparison may be manipulated by validators
    ╭▸ contracts/v2/oracle/OracleAggregatorV2.sol:163:13
    │
163 │         if (block.timestamp < pendingOracles[asset].validAt) {
    │             ━━━━━━━━━━━━━━━━━━━━━━━━━━━━━━━━━━━━━━━━━━━━━━━
    │
    ╰ help: https://book.getfoundry.sh/reference/forge/forge-lint#block-timestamp

warning[block-timestamp]: usage of `block.timestamp` in a comparison may be manipulated by validators
    ╭▸ contracts/v2/oracle/OracleAggregatorV2.sol:210:42
    │
210 │             if (oracle.heartbeat == 0 || oracle.heartbeat + updatedAt >= block.timestamp) {
    │                                          ━━━━━━━━━━━━━━━━━━━━━━━━━━━━━━━━━━━━━━━━━━━━━━━
    │
    ╰ help: https://book.getfoundry.sh/reference/forge/forge-lint#block-timestamp

warning[block-timestamp]: usage of `block.timestamp` in a comparison may be manipulated by validators
    ╭▸ contracts/v2/oracle/OracleAggregatorV2.sol:221:48
    │
221 │             if (oracle.backupHeartbeat == 0 || oracle.backupHeartbeat + updatedAt >= block.timestamp) {
    │                                                ━━━━━━━━━━━━━━━━━━━━━━━━━━━━━━━━━━━━━━━━━━━━━━━━━━━━━
    │
    ╰ help: https://book.getfoundry.sh/reference/forge/forge-lint#block-timestamp

warning[unsafe-typecast]: typecasts that can truncate values should be checked
    ╭▸ contracts/v2/oracle/OracleAggregatorV2.sol:141:26
    │
141 │         uint64 validAt = uint64(block.timestamp + _timeLock);
    │                          ━━━━━━━━━━━━━━━━━━━━━━━━━━━━━━━━━━━
    │
    ├ note: consider disabling this lint if you're certain the cast is safe
    │       
    │       // casting to 'uint64' is safe because [explain why]
    │       // forge-lint: disable-next-line(unsafe-typecast)
    │       
    │       
    ╰ help: https://book.getfoundry.sh/reference/forge/forge-lint#unsafe-typecast

warning[unsafe-typecast]: typecasts that can truncate values should be checked
    ╭▸ contracts/v2/oracle/OracleAggregatorV2.sol:212:29
    │
212 │                     return (uint256(answer), oracle.aggregator.decimals());
    │                             ━━━━━━━━━━━━━━━
    │
    ├ note: consider disabling this lint if you're certain the cast is safe
    │       
    │       // casting to 'uint256' is safe because [explain why]
    │       // forge-lint: disable-next-line(unsafe-typecast)
    │       
    │       
    ╰ help: https://book.getfoundry.sh/reference/forge/forge-lint#unsafe-typecast

warning[unsafe-typecast]: typecasts that can truncate values should be checked
    ╭▸ contracts/v2/oracle/OracleAggregatorV2.sol:223:29
    │
223 │                     return (uint256(answer), oracle.backupAggregator.decimals());
    │                             ━━━━━━━━━━━━━━━
    │
    ├ note: consider disabling this lint if you're certain the cast is safe
    │       
    │       // casting to 'uint256' is safe because [explain why]
    │       // forge-lint: disable-next-line(unsafe-typecast)
    │       
    │       
    ╰ help: https://book.getfoundry.sh/reference/forge/forge-lint#unsafe-typecast

warning[block-timestamp]: usage of `block.timestamp` in a comparison may be manipulated by validators
    ╭▸ contracts/v1/tokens/AbstractGearingToken.sol:172:13
    │
172 │         if (config.maturity <= block.timestamp) {
    │             ━━━━━━━━━━━━━━━━━━━━━━━━━━━━━━━━━━
    │
    ╰ help: https://book.getfoundry.sh/reference/forge/forge-lint#block-timestamp

warning[block-timestamp]: usage of `block.timestamp` in a comparison may be manipulated by validators
    ╭▸ contracts/v1/tokens/AbstractGearingToken.sol:236:13
    │
236 │         if (config.maturity <= block.timestamp) {
    │             ━━━━━━━━━━━━━━━━━━━━━━━━━━━━━━━━━━
    │
    ╰ help: https://book.getfoundry.sh/reference/forge/forge-lint#block-timestamp

warning[block-timestamp]: usage of `block.timestamp` in a comparison may be manipulated by validators
    ╭▸ contracts/v1/tokens/AbstractGearingToken.sol:252:13
    │
252 │         if (config.maturity <= block.timestamp) {
    │             ━━━━━━━━━━━━━━━━━━━━━━━━━━━━━━━━━━
    │
    ╰ help: https://book.getfoundry.sh/reference/forge/forge-lint#block-timestamp

warning[block-timestamp]: usage of `block.timestamp` in a comparison may be manipulated by validators
    ╭▸ contracts/v1/tokens/AbstractGearingToken.sol:296:13
    │
296 │         if (config.maturity <= block.timestamp) {
    │             ━━━━━━━━━━━━━━━━━━━━━━━━━━━━━━━━━━
    │
    ╰ help: https://book.getfoundry.sh/reference/forge/forge-lint#block-timestamp

warning[block-timestamp]: usage of `block.timestamp` in a comparison may be manipulated by validators
    ╭▸ contracts/v1/tokens/AbstractGearingToken.sol:324:13
    │
324 │         if (_config.maturity <= block.timestamp) {
    │             ━━━━━━━━━━━━━━━━━━━━━━━━━━━━━━━━━━━
    │
    ╰ help: https://book.getfoundry.sh/reference/forge/forge-lint#block-timestamp

warning[block-timestamp]: usage of `block.timestamp` in a comparison may be manipulated by validators
    ╭▸ contracts/v1/tokens/AbstractGearingToken.sol:367:17
    │
367 │             if (block.timestamp >= config.maturity + Constants.LIQUIDATION_WINDOW) {
    │                 ━━━━━━━━━━━━━━━━━━━━━━━━━━━━━━━━━━━━━━━━━━━━━━━━━━━━━━━━━━━━━━━━━
    │
    ╰ help: https://book.getfoundry.sh/reference/forge/forge-lint#block-timestamp

warning[block-timestamp]: usage of `block.timestamp` in a comparison may be manipulated by validators
    ╭▸ contracts/v1/tokens/AbstractGearingToken.sol:369:24
    │
369 │             } else if (block.timestamp >= config.maturity) {
    │                        ━━━━━━━━━━━━━━━━━━━━━━━━━━━━━━━━━━
    │
    ╰ help: https://book.getfoundry.sh/reference/forge/forge-lint#block-timestamp

warning[block-timestamp]: usage of `block.timestamp` in a comparison may be manipulated by validators
    ╭▸ contracts/v1/tokens/AbstractGearingToken.sol:395:17
    │
395 │             if (block.timestamp >= liquidationDeadline) {
    │                 ━━━━━━━━━━━━━━━━━━━━━━━━━━━━━━━━━━━━━━
    │
    ╰ help: https://book.getfoundry.sh/reference/forge/forge-lint#block-timestamp

warning[unsafe-typecast]: typecasts that can truncate values should be checked
   ╭▸ contracts/v2/oracle/priceFeeds/TermMaxUniswapTWAPPriceFeed.sol:70:18
   │
70 │         answer = int256(standardizedPrice);
   │                  ━━━━━━━━━━━━━━━━━━━━━━━━━
   │
   ├ note: consider disabling this lint if you're certain the cast is safe
   │       
   │       // casting to 'int256' is safe because [explain why]
   │       // forge-lint: disable-next-line(unsafe-typecast)
   │       
   │       
   ╰ help: https://book.getfoundry.sh/reference/forge/forge-lint#unsafe-typecast

warning[unsafe-typecast]: typecasts that can truncate values should be checked
    ╭▸ contracts/v2/oracle/priceFeeds/TermMaxUniswapTWAPPriceFeed.sol:108:30
    │
108 │         arithmeticMeanTick = int24(tickCumulativesDelta / int32(secondsAgo));
    │                              ━━━━━━━━━━━━━━━━━━━━━━━━━━━━━━━━━━━━━━━━━━━━━━━
    │
    ├ note: consider disabling this lint if you're certain the cast is safe
    │       
    │       // casting to 'int24' is safe because [explain why]
    │       // forge-lint: disable-next-line(unsafe-typecast)
    │       
    │       
    ╰ help: https://book.getfoundry.sh/reference/forge/forge-lint#unsafe-typecast

warning[unsafe-typecast]: typecasts that can truncate values should be checked
    ╭▸ contracts/v2/oracle/priceFeeds/TermMaxUniswapTWAPPriceFeed.sol:108:59
    │
108 │         arithmeticMeanTick = int24(tickCumulativesDelta / int32(secondsAgo));
    │                                                           ━━━━━━━━━━━━━━━━━
    │
    ├ note: consider disabling this lint if you're certain the cast is safe
    │       
    │       // casting to 'int32' is safe because [explain why]
    │       // forge-lint: disable-next-line(unsafe-typecast)
    │       
    │       
    ╰ help: https://book.getfoundry.sh/reference/forge/forge-lint#unsafe-typecast

warning[unsafe-typecast]: typecasts that can truncate values should be checked
    ╭▸ contracts/v2/oracle/priceFeeds/TermMaxUniswapTWAPPriceFeed.sol:110:65
    │
110 │         if (tickCumulativesDelta < 0 && (tickCumulativesDelta % int32(secondsAgo) != 0)) arithmeticMeanTick--;
    │                                                                 ━━━━━━━━━━━━━━━━━
    │
    ├ note: consider disabling this lint if you're certain the cast is safe
    │       
    │       // casting to 'int32' is safe because [explain why]
    │       // forge-lint: disable-next-line(unsafe-typecast)
    │       
    │       
    ╰ help: https://book.getfoundry.sh/reference/forge/forge-lint#unsafe-typecast

warning[unsafe-typecast]: typecasts that can truncate values should be checked
    ╭▸ contracts/v2/oracle/priceFeeds/TermMaxUniswapTWAPPriceFeed.sol:114:33
    │
114 │         harmonicMeanLiquidity = uint128(secondsAgoX160 / (uint192(secondsPerLiquidityCumulativesDelta) << 32));
    │                                 ━━━━━━━━━━━━━━━━━━━━━━━━━━━━━━━━━━━━━━━━━━━━━━━━━━━━━━━━━━━━━━━━━━━━━━━━━━━━━━
    │
    ├ note: consider disabling this lint if you're certain the cast is safe
    │       
    │       // casting to 'uint128' is safe because [explain why]
    │       // forge-lint: disable-next-line(unsafe-typecast)
    │       
    │       
    ╰ help: https://book.getfoundry.sh/reference/forge/forge-lint#unsafe-typecast

warning[block-timestamp]: usage of `block.timestamp` in a comparison may be manipulated by validators
   ╭▸ contracts/v2/oracle/OracleAggregatorWithSequencerV2.sol:45:34
   │
45 │         bool isGracePeriodOver = block.timestamp - startedAt > gracePeriodTime;
   │                                  ━━━━━━━━━━━━━━━━━━━━━━━━━━━━━━━━━━━━━━━━━━━━━
   │
   ╰ help: https://book.getfoundry.sh/reference/forge/forge-lint#block-timestamp

warning[block-timestamp]: usage of `block.timestamp` in a comparison may be manipulated by validators
   ╭▸ contracts/v1/oracle/OracleAggregator.sol:88:13
   │
88 │         if (block.timestamp < pendingOracles[asset].validAt) {
   │             ━━━━━━━━━━━━━━━━━━━━━━━━━━━━━━━━━━━━━━━━━━━━━━━
   │
   ╰ help: https://book.getfoundry.sh/reference/forge/forge-lint#block-timestamp

warning[block-timestamp]: usage of `block.timestamp` in a comparison may be manipulated by validators
    ╭▸ contracts/v1/oracle/OracleAggregator.sol:103:13
    │
103 │         if (oracle.heartbeat + updatedAt < block.timestamp || answer <= 0) {
    │             ━━━━━━━━━━━━━━━━━━━━━━━━━━━━━━━━━━━━━━━━━━━━━━
    │
    ╰ help: https://book.getfoundry.sh/reference/forge/forge-lint#block-timestamp

warning[block-timestamp]: usage of `block.timestamp` in a comparison may be manipulated by validators
    ╭▸ contracts/v1/oracle/OracleAggregator.sol:106:17
    │
106 │             if (oracle.heartbeat + updatedAt < block.timestamp || answer <= 0) {
    │                 ━━━━━━━━━━━━━━━━━━━━━━━━━━━━━━━━━━━━━━━━━━━━━━
    │
    ╰ help: https://book.getfoundry.sh/reference/forge/forge-lint#block-timestamp

warning[unsafe-typecast]: typecasts that can truncate values should be checked
   ╭▸ contracts/v1/oracle/OracleAggregator.sol:79:26
   │
79 │         uint64 validAt = uint64(block.timestamp + _timeLock);
   │                          ━━━━━━━━━━━━━━━━━━━━━━━━━━━━━━━━━━━
   │
   ├ note: consider disabling this lint if you're certain the cast is safe
   │       
   │       // casting to 'uint64' is safe because [explain why]
   │       // forge-lint: disable-next-line(unsafe-typecast)
   │       
   │       
   ╰ help: https://book.getfoundry.sh/reference/forge/forge-lint#unsafe-typecast

warning[unsafe-typecast]: typecasts that can truncate values should be checked
    ╭▸ contracts/v1/oracle/OracleAggregator.sol:113:17
    │
113 │         price = uint256(answer);
    │                 ━━━━━━━━━━━━━━━
    │
    ├ note: consider disabling this lint if you're certain the cast is safe
    │       
    │       // casting to 'uint256' is safe because [explain why]
    │       // forge-lint: disable-next-line(unsafe-typecast)
    │       
    │       
    ╰ help: https://book.getfoundry.sh/reference/forge/forge-lint#unsafe-typecast

warning[block-timestamp]: usage of `block.timestamp` in a comparison may be manipulated by validators
   ╭▸ contracts/v1/TermMaxMarket.sol:53:13
   │
53 │         if (block.timestamp >= _config.maturity) {
   │             ━━━━━━━━━━━━━━━━━━━━━━━━━━━━━━━━━━━
   │
   ╰ help: https://book.getfoundry.sh/reference/forge/forge-lint#block-timestamp

warning[block-timestamp]: usage of `block.timestamp` in a comparison may be manipulated by validators
   ╭▸ contracts/v1/TermMaxMarket.sol:79:13
   │
79 │         if (config_.maturity <= block.timestamp) revert InvalidMaturity();
   │             ━━━━━━━━━━━━━━━━━━━━━━━━━━━━━━━━━━━
   │
   ╰ help: https://book.getfoundry.sh/reference/forge/forge-lint#block-timestamp

warning[block-timestamp]: usage of `block.timestamp` in a comparison may be manipulated by validators
    ╭▸ contracts/v1/TermMaxMarket.sol:310:17
    │
310 │             if (block.timestamp < liquidationDeadline) {
    │                 ━━━━━━━━━━━━━━━━━━━━━━━━━━━━━━━━━━━━━
    │
    ╰ help: https://book.getfoundry.sh/reference/forge/forge-lint#block-timestamp

warning[block-timestamp]: usage of `block.timestamp` in a comparison may be manipulated by validators
    ╭▸ contracts/v1/TermMaxMarket.sol:344:17
    │
344 │             if (block.timestamp < liquidationDeadline) {
    │                 ━━━━━━━━━━━━━━━━━━━━━━━━━━━━━━━━━━━━━
    │
    ╰ help: https://book.getfoundry.sh/reference/forge/forge-lint#block-timestamp

warning[erc20-unchecked-transfer]: ERC20 'transfer' and 'transferFrom' calls should check the return value
   ╭▸ contracts/v1/router/swapAdapters/PendleSwapV3Adapter.sol:51:17
   │
51 │                 IERC20(tokenIn).transfer(address(YT), amount);
   │                 ━━━━━━━━━━━━━━━━━━━━━━━━━━━━━━━━━━━━━━━━━━━━━
   │
   ╰ help: https://book.getfoundry.sh/reference/forge/forge-lint#erc20-unchecked-transfer

warning[unsafe-typecast]: typecasts that can truncate values should be checked
   ╭▸ contracts/v1/extensions/PriceFeedWithERC4626.sol:24:70
   │
24 │         priceDenominator = int256(10 ** assetPriceFeed.decimals()) * int256(assetDenominator);
   │                                                                      ━━━━━━━━━━━━━━━━━━━━━━━━
   │
   ├ note: consider disabling this lint if you're certain the cast is safe
   │       
   │       // casting to 'int256' is safe because [explain why]
   │       // forge-lint: disable-next-line(unsafe-typecast)
   │       
   │       
   ╰ help: https://book.getfoundry.sh/reference/forge/forge-lint#unsafe-typecast

warning[unsafe-typecast]: typecasts that can truncate values should be checked
   ╭▸ contracts/v1/extensions/PriceFeedWithERC4626.sol:58:27
   │
58 │         answer = answer * int256(vaultAnswer) * int256((10 ** decimals())) / priceDenominator;
   │                           ━━━━━━━━━━━━━━━━━━━
   │
   ├ note: consider disabling this lint if you're certain the cast is safe
   │       
   │       // casting to 'int256' is safe because [explain why]
   │       // forge-lint: disable-next-line(unsafe-typecast)
   │       
   │       
   ╰ help: https://book.getfoundry.sh/reference/forge/forge-lint#unsafe-typecast

warning[unsafe-typecast]: typecasts that can truncate values should be checked
    ╭▸ contracts/v1/lib/MathLib.sol:148:24
    │
148 │             return a - uint256(-b);
    │                        ━━━━━━━━━━━
    │
    ├ note: consider disabling this lint if you're certain the cast is safe
    │       
    │       // casting to 'uint256' is safe because [explain why]
    │       // forge-lint: disable-next-line(unsafe-typecast)
    │       
    │       
    ╰ help: https://book.getfoundry.sh/reference/forge/forge-lint#unsafe-typecast

warning[unsafe-typecast]: typecasts that can truncate values should be checked
    ╭▸ contracts/v1/lib/MathLib.sol:150:20
    │
150 │         return a + uint256(b);
    │                    ━━━━━━━━━━
    │
    ├ note: consider disabling this lint if you're certain the cast is safe
    │       
    │       // casting to 'uint256' is safe because [explain why]
    │       // forge-lint: disable-next-line(unsafe-typecast)
    │       
    │       
    ╰ help: https://book.getfoundry.sh/reference/forge/forge-lint#unsafe-typecast

warning[unsafe-typecast]: typecasts that can truncate values should be checked
   ╭▸ contracts/v1/lib/PendingLib.sol:28:27
   │
28 │         pending.validAt = uint64(block.timestamp + timelock);
   │                           ━━━━━━━━━━━━━━━━━━━━━━━━━━━━━━━━━━
   │
   ├ note: consider disabling this lint if you're certain the cast is safe
   │       
   │       // casting to 'uint64' is safe because [explain why]
   │       // forge-lint: disable-next-line(unsafe-typecast)
   │       
   │       
   ╰ help: https://book.getfoundry.sh/reference/forge/forge-lint#unsafe-typecast

warning[unsafe-typecast]: typecasts that can truncate values should be checked
   ╭▸ contracts/v1/lib/PendingLib.sol:36:27
   │
36 │         pending.validAt = uint64(block.timestamp + timelock);
   │                           ━━━━━━━━━━━━━━━━━━━━━━━━━━━━━━━━━━
   │
   ├ note: consider disabling this lint if you're certain the cast is safe
   │       
   │       // casting to 'uint64' is safe because [explain why]
   │       // forge-lint: disable-next-line(unsafe-typecast)
   │       
   │       
   ╰ help: https://book.getfoundry.sh/reference/forge/forge-lint#unsafe-typecast

warning[divide-before-multiply]: multiplication should occur before division to avoid loss of precision
     ╭▸ contracts/v2/tokenomics/TMX.sol:2578:16
     │
2578 │         return (_amountLD / decimalConversionRate) * decimalConversionRate;
     │                ━━━━━━━━━━━━━━━━━━━━━━━━━━━━━━━━━━━━━━━━━━━━━━━━━━━━━━━━━━━
     │
     ╰ help: https://book.getfoundry.sh/reference/forge/forge-lint#divide-before-multiply

warning[unsafe-typecast]: typecasts that can truncate values should be checked
    ╭▸ contracts/v2/tokenomics/TMX.sol:370:18
    │
370 │         result = bytes32(_addressBytes);
    │                  ━━━━━━━━━━━━━━━━━━━━━━
    │
    ├ note: consider disabling this lint if you're certain the cast is safe
    │       
    │       // casting to 'bytes32' is safe because [explain why]
    │       // forge-lint: disable-next-line(unsafe-typecast)
    │       
    │       
    ╰ help: https://book.getfoundry.sh/reference/forge/forge-lint#unsafe-typecast

warning[unsafe-typecast]: typecasts that can truncate values should be checked
    ╭▸ contracts/v2/tokenomics/TMX.sol:398:26
    │
398 │         result = address(bytes20(_addressBytes));
    │                          ━━━━━━━━━━━━━━━━━━━━━━
    │
    ├ note: consider disabling this lint if you're certain the cast is safe
    │       
    │       // casting to 'bytes20' is safe because [explain why]
    │       // forge-lint: disable-next-line(unsafe-typecast)
    │       
    │       
    ╰ help: https://book.getfoundry.sh/reference/forge/forge-lint#unsafe-typecast

warning[unsafe-typecast]: typecasts that can truncate values should be checked
     ╭▸ contracts/v2/tokenomics/TMX.sol:2601:16
     │
2601 │         return uint64(_amountSD);
     │                ━━━━━━━━━━━━━━━━━
     │
     ├ note: consider disabling this lint if you're certain the cast is safe
     │       
     │       // casting to 'uint64' is safe because [explain why]
     │       // forge-lint: disable-next-line(unsafe-typecast)
     │       
     │       
     ╰ help: https://book.getfoundry.sh/reference/forge/forge-lint#unsafe-typecast

warning[block-timestamp]: usage of `block.timestamp` in a comparison may be manipulated by validators
   ╭▸ contracts/v2/TermMaxMarketV2.sol:71:13
   │
71 │         if (block.timestamp >= _config.maturity) {
   │             ━━━━━━━━━━━━━━━━━━━━━━━━━━━━━━━━━━━
   │
   ╰ help: https://book.getfoundry.sh/reference/forge/forge-lint#block-timestamp

warning[block-timestamp]: usage of `block.timestamp` in a comparison may be manipulated by validators
   ╭▸ contracts/v2/TermMaxMarketV2.sol:97:13
   │
97 │         if (config_.maturity <= block.timestamp) revert InvalidMaturity();
   │             ━━━━━━━━━━━━━━━━━━━━━━━━━━━━━━━━━━━
   │
   ╰ help: https://book.getfoundry.sh/reference/forge/forge-lint#block-timestamp

warning[block-timestamp]: usage of `block.timestamp` in a comparison may be manipulated by validators
    ╭▸ contracts/v2/TermMaxMarketV2.sol:424:13
    │
424 │         if (block.timestamp < liquidationDeadline) {
    │             ━━━━━━━━━━━━━━━━━━━━━━━━━━━━━━━━━━━━━
    │
    ╰ help: https://book.getfoundry.sh/reference/forge/forge-lint#block-timestamp

warning[block-timestamp]: usage of `block.timestamp` in a comparison may be manipulated by validators
   ╭▸ contracts/v2/lib/DelegateAble.sol:80:17
   │
80 │         require(params.deadline >= block.timestamp, InvalidSignature());
   │                 ━━━━━━━━━━━━━━━━━━━━━━━━━━━━━━━━━━
   │
   ╰ help: https://book.getfoundry.sh/reference/forge/forge-lint#block-timestamp

warning[unsafe-typecast]: typecasts that can truncate values should be checked
   ╭▸ contracts/v1/lib/TermMaxCurve.sol:85:47
   │
85 │ …                     || oriXtReserve + uint256(dX) > cuts[i + 1].xtReserve
   │                                         ━━━━━━━━━━━
   │
   ├ note: consider disabling this lint if you're certain the cast is safe
   │       
   │       // casting to 'uint256' is safe because [explain why]
   │       // forge-lint: disable-next-line(unsafe-typecast)
   │       
   │       
   ╰ help: https://book.getfoundry.sh/reference/forge/forge-lint#unsafe-typecast

warning[unsafe-typecast]: typecasts that can truncate values should be checked
   ╭▸ contracts/v1/lib/TermMaxCurve.sol:91:33
   │
91 │                         return (uint256(dX), uint256(nF));
   │                                 ━━━━━━━━━━━
   │
   ├ note: consider disabling this lint if you're certain the cast is safe
   │       
   │       // casting to 'uint256' is safe because [explain why]
   │       // forge-lint: disable-next-line(unsafe-typecast)
   │       
   │       
   ╰ help: https://book.getfoundry.sh/reference/forge/forge-lint#unsafe-typecast

warning[unsafe-typecast]: typecasts that can truncate values should be checked
   ╭▸ contracts/v1/lib/TermMaxCurve.sol:91:46
   │
91 │                         return (uint256(dX), uint256(nF));
   │                                              ━━━━━━━━━━━
   │
   ├ note: consider disabling this lint if you're certain the cast is safe
   │       
   │       // casting to 'uint256' is safe because [explain why]
   │       // forge-lint: disable-next-line(unsafe-typecast)
   │       
   │       
   ╰ help: https://book.getfoundry.sh/reference/forge/forge-lint#unsafe-typecast

warning[unsafe-typecast]: typecasts that can truncate values should be checked
   ╭▸ contracts/v1/lib/TermMaxCurve.sol:94:29
   │
94 │                     return (uint256(dX), uint256(nF));
   │                             ━━━━━━━━━━━
   │
   ├ note: consider disabling this lint if you're certain the cast is safe
   │       
   │       // casting to 'uint256' is safe because [explain why]
   │       // forge-lint: disable-next-line(unsafe-typecast)
   │       
   │       
   ╰ help: https://book.getfoundry.sh/reference/forge/forge-lint#unsafe-typecast

warning[unsafe-typecast]: typecasts that can truncate values should be checked
   ╭▸ contracts/v1/lib/TermMaxCurve.sol:94:42
   │
94 │                     return (uint256(dX), uint256(nF));
   │                                          ━━━━━━━━━━━
   │
   ├ note: consider disabling this lint if you're certain the cast is safe
   │       
   │       // casting to 'uint256' is safe because [explain why]
   │       // forge-lint: disable-next-line(unsafe-typecast)
   │       
   │       
   ╰ help: https://book.getfoundry.sh/reference/forge/forge-lint#unsafe-typecast

warning[unsafe-typecast]: typecasts that can truncate values should be checked
    ╭▸ contracts/v1/lib/TermMaxCurve.sol:135:43
    │
135 │                         || oriXtReserve < uint256(nX) + cuts[idx].xtReserve
    │                                           ━━━━━━━━━━━
    │
    ├ note: consider disabling this lint if you're certain the cast is safe
    │       
    │       // casting to 'uint256' is safe because [explain why]
    │       // forge-lint: disable-next-line(unsafe-typecast)
    │       
    │       
    ╰ help: https://book.getfoundry.sh/reference/forge/forge-lint#unsafe-typecast

warning[unsafe-typecast]: typecasts that can truncate values should be checked
    ╭▸ contracts/v1/lib/TermMaxCurve.sol:141:29
    │
141 │                     return (uint256(nX), uint256(dF));
    │                             ━━━━━━━━━━━
    │
    ├ note: consider disabling this lint if you're certain the cast is safe
    │       
    │       // casting to 'uint256' is safe because [explain why]
    │       // forge-lint: disable-next-line(unsafe-typecast)
    │       
    │       
    ╰ help: https://book.getfoundry.sh/reference/forge/forge-lint#unsafe-typecast

warning[unsafe-typecast]: typecasts that can truncate values should be checked
    ╭▸ contracts/v1/lib/TermMaxCurve.sol:141:42
    │
141 │                     return (uint256(nX), uint256(dF));
    │                                          ━━━━━━━━━━━
    │
    ├ note: consider disabling this lint if you're certain the cast is safe
    │       
    │       // casting to 'uint256' is safe because [explain why]
    │       // forge-lint: disable-next-line(unsafe-typecast)
    │       
    │       
    ╰ help: https://book.getfoundry.sh/reference/forge/forge-lint#unsafe-typecast

warning[block-timestamp]: usage of `block.timestamp` in a comparison may be manipulated by validators
    ╭▸ contracts/v2/TermMaxOrderV2.sol:103:13
    │
103 │         if (block.timestamp >= orderExpiryTimestamp) {
    │             ━━━━━━━━━━━━━━━━━━━━━━━━━━━━━━━━━━━━━━━
    │
    ╰ help: https://book.getfoundry.sh/reference/forge/forge-lint#block-timestamp

warning[block-timestamp]: usage of `block.timestamp` in a comparison may be manipulated by validators
    ╭▸ contracts/v2/TermMaxOrderV2.sol:674:13
    │
674 │         if (block.timestamp > deadline) revert DeadlineExpired();
    │             ━━━━━━━━━━━━━━━━━━━━━━━━━━
    │
    ╰ help: https://book.getfoundry.sh/reference/forge/forge-lint#block-timestamp

warning[block-timestamp]: usage of `block.timestamp` in a comparison may be manipulated by validators
    ╭▸ contracts/v2/TermMaxOrderV2.sol:742:13
    │
742 │         if (block.timestamp > deadline) revert DeadlineExpired();
    │             ━━━━━━━━━━━━━━━━━━━━━━━━━━
    │
    ╰ help: https://book.getfoundry.sh/reference/forge/forge-lint#block-timestamp

warning[unsafe-typecast]: typecasts that can truncate values should be checked
    ╭▸ contracts/v2/TermMaxOrderV2.sol:809:32
    │
809 │                 _issueFtToSelf(uint256(-newFtReserve), gtId);
    │                                ━━━━━━━━━━━━━━━━━━━━━━
    │
    ├ note: consider disabling this lint if you're certain the cast is safe
    │       
    │       // casting to 'uint256' is safe because [explain why]
    │       // forge-lint: disable-next-line(unsafe-typecast)
    │       
    │       
    ╰ help: https://book.getfoundry.sh/reference/forge/forge-lint#unsafe-typecast

warning[unsafe-typecast]: typecasts that can truncate values should be checked
    ╭▸ contracts/v2/TermMaxOrderV2.sol:811:33
    │
811 │                 releaseAmount = uint256(-newFtReserve);
    │                                 ━━━━━━━━━━━━━━━━━━━━━━
    │
    ├ note: consider disabling this lint if you're certain the cast is safe
    │       
    │       // casting to 'uint256' is safe because [explain why]
    │       // forge-lint: disable-next-line(unsafe-typecast)
    │       
    │       
    ╰ help: https://book.getfoundry.sh/reference/forge/forge-lint#unsafe-typecast

warning[unsafe-typecast]: typecasts that can truncate values should be checked
    ╭▸ contracts/v2/TermMaxOrderV2.sol:814:29
    │
814 │             releaseAmount = uint256(-newXtReserve);
    │                             ━━━━━━━━━━━━━━━━━━━━━━
    │
    ├ note: consider disabling this lint if you're certain the cast is safe
    │       
    │       // casting to 'uint256' is safe because [explain why]
    │       // forge-lint: disable-next-line(unsafe-typecast)
    │       
    │       
    ╰ help: https://book.getfoundry.sh/reference/forge/forge-lint#unsafe-typecast

warning[block-timestamp]: usage of `block.timestamp` in a comparison may be manipulated by validators
   ╭▸ contracts/v2/vault/TermMaxVaultV2.sol:84:13
   │
84 │         if (block.timestamp < validAt) revert VaultErrors.TimelockNotElapsed();
   │             ━━━━━━━━━━━━━━━━━━━━━━━━━
   │
   ╰ help: https://book.getfoundry.sh/reference/forge/forge-lint#block-timestamp

warning[unsafe-typecast]: typecasts that can truncate values should be checked
    ╭▸ contracts/v2/vault/TermMaxVaultV2.sol:453:37
    │
453 │             _pendingTimelock.update(uint184(newTimelock), _timelock);
    │                                     ━━━━━━━━━━━━━━━━━━━━
    │
    ├ note: consider disabling this lint if you're certain the cast is safe
    │       
    │       // casting to 'uint184' is safe because [explain why]
    │       // forge-lint: disable-next-line(unsafe-typecast)
    │       
    │       
    ╰ help: https://book.getfoundry.sh/reference/forge/forge-lint#unsafe-typecast

warning[block-timestamp]: usage of `block.timestamp` in a comparison may be manipulated by validators
   ╭▸ contracts/v1/vault/TermMaxVault.sol:71:53
   │
71 │         if (_pendingMarkets[market].validAt != 0 && block.timestamp > _pendingMarkets[market].validAt) {
   │                                                     ━━━━━━━━━━━━━━━━━━━━━━━━━━━━━━━━━━━━━━━━━━━━━━━━━
   │
   ╰ help: https://book.getfoundry.sh/reference/forge/forge-lint#block-timestamp

warning[block-timestamp]: usage of `block.timestamp` in a comparison may be manipulated by validators
   ╭▸ contracts/v1/vault/TermMaxVault.sol:84:13
   │
84 │         if (block.timestamp < validAt) revert TimelockNotElapsed();
   │             ━━━━━━━━━━━━━━━━━━━━━━━━━
   │
   ╰ help: https://book.getfoundry.sh/reference/forge/forge-lint#block-timestamp

warning[unsafe-typecast]: typecasts that can truncate values should be checked
    ╭▸ contracts/v1/vault/TermMaxVault.sol:442:37
    │
442 │             _pendingTimelock.update(uint184(newTimelock), _timelock);
    │                                     ━━━━━━━━━━━━━━━━━━━━
    │
    ├ note: consider disabling this lint if you're certain the cast is safe
    │       
    │       // casting to 'uint184' is safe because [explain why]
    │       // forge-lint: disable-next-line(unsafe-typecast)
    │       
    │       
    ╰ help: https://book.getfoundry.sh/reference/forge/forge-lint#unsafe-typecast

warning[block-timestamp]: usage of `block.timestamp` in a comparison may be manipulated by validators
    ╭▸ contracts/v1/vault/OrderManager.sol:158:17
    │
158 │             if (block.timestamp > orderInfo.maturity) continue;
    │                 ━━━━━━━━━━━━━━━━━━━━━━━━━━━━━━━━━━━━
    │
    ╰ help: https://book.getfoundry.sh/reference/forge/forge-lint#block-timestamp

warning[block-timestamp]: usage of `block.timestamp` in a comparison may be manipulated by validators
    ╭▸ contracts/v1/vault/OrderManager.sol:194:21
    │
194 │                 if (block.timestamp >= orderInfo.maturity + Constants.LIQUIDATION_WINDOW) {
    │                     ━━━━━━━━━━━━━━━━━━━━━━━━━━━━━━━━━━━━━━━━━━━━━━━━━━━━━━━━━━━━━━━━━━━━
    │
    ╰ help: https://book.getfoundry.sh/reference/forge/forge-lint#block-timestamp

warning[block-timestamp]: usage of `block.timestamp` in a comparison may be manipulated by validators
    ╭▸ contracts/v1/vault/OrderManager.sol:207:28
    │
207 │                 } else if (block.timestamp < orderInfo.maturity) {
    │                            ━━━━━━━━━━━━━━━━━━━━━━━━━━━━━━━━━━━━
    │
    ╰ help: https://book.getfoundry.sh/reference/forge/forge-lint#block-timestamp

warning[unsafe-typecast]: typecasts that can truncate values should be checked
    ╭▸ contracts/v1/vault/OrderManager.sol:137:38
    │
137 │             uint256 depositChanges = uint256(changes);
    │                                      ━━━━━━━━━━━━━━━━
    │
    ├ note: consider disabling this lint if you're certain the cast is safe
    │       
    │       // casting to 'uint256' is safe because [explain why]
    │       // forge-lint: disable-next-line(unsafe-typecast)
    │       
    │       
    ╰ help: https://book.getfoundry.sh/reference/forge/forge-lint#unsafe-typecast

warning[unsafe-typecast]: typecasts that can truncate values should be checked
    ╭▸ contracts/v1/vault/OrderManager.sol:372:25
    │
372 │             ftChanges = uint256(deltaFt) * Constants.DECIMAL_BASE_SQ;
    │                         ━━━━━━━━━━━━━━━━
    │
    ├ note: consider disabling this lint if you're certain the cast is safe
    │       
    │       // casting to 'uint256' is safe because [explain why]
    │       // forge-lint: disable-next-line(unsafe-typecast)
    │       
    │       
    ╰ help: https://book.getfoundry.sh/reference/forge/forge-lint#unsafe-typecast

warning[unsafe-typecast]: typecasts that can truncate values should be checked
    ╭▸ contracts/v1/vault/OrderManager.sol:380:25
    │
380 │             ftChanges = uint256(-deltaFt) * Constants.DECIMAL_BASE_SQ;
    │                         ━━━━━━━━━━━━━━━━━
    │
    ├ note: consider disabling this lint if you're certain the cast is safe
    │       
    │       // casting to 'uint256' is safe because [explain why]
    │       // forge-lint: disable-next-line(unsafe-typecast)
    │       
    │       
    ╰ help: https://book.getfoundry.sh/reference/forge/forge-lint#unsafe-typecast

warning[block-timestamp]: usage of `block.timestamp` in a comparison may be manipulated by validators
   ╭▸ contracts/v1/test/MockOrder.sol:68:13
   │
68 │         if (block.timestamp >= maturity) {
   │             ━━━━━━━━━━━━━━━━━━━━━━━━━━━
   │
   ╰ help: https://book.getfoundry.sh/reference/forge/forge-lint#block-timestamp

warning[divide-before-multiply]: multiplication should occur before division to avoid loss of precision
    ╭▸ contracts/v1/test/MockOrder.sol:141:13
    │
141 │             ((lendVFtReserve * Constants.DECIMAL_BASE * Constants.DAYS_IN_YEAR) / lendVXtReserve) * daysToMaturity;
    │             ━━━━━━━━━━━━━━━━━━━━━━━━━━━━━━━━━━━━━━━━━━━━━━━━━━━━━━━━━━━━━━━━━━━━━━━━━━━━━━━━━━━━━━━━━━━━━━━━━━━━━━
    │
    ╰ help: https://book.getfoundry.sh/reference/forge/forge-lint#divide-before-multiply

warning[divide-before-multiply]: multiplication should occur before division to avoid loss of precision
    ╭▸ contracts/v1/test/MockOrder.sol:148:13
    │
148 │             ((borrowVFtReserve * Constants.DECIMAL_BASE * Constants.DAYS_IN_YEAR) / borrowVXtReserve) * daysToMaturity;
    │             ━━━━━━━━━━━━━━━━━━━━━━━━━━━━━━━━━━━━━━━━━━━━━━━━━━━━━━━━━━━━━━━━━━━━━━━━━━━━━━━━━━━━━━━━━━━━━━━━━━━━━━━━━━
    │
    ╰ help: https://book.getfoundry.sh/reference/forge/forge-lint#divide-before-multiply

warning[unsafe-typecast]: typecasts that can truncate values should be checked
   ╭▸ contracts/v1/test/testnet/SwapAdapter.sol:34:33
   │
34 │         tokenOutAmt = (amount * uint256(tokenInPrice) * 10 ** tokenOutPriceDecimals * 10 ** tokenOutDecimals)
   │                                 ━━━━━━━━━━━━━━━━━━━━━
   │
   ├ note: consider disabling this lint if you're certain the cast is safe
   │       
   │       // casting to 'uint256' is safe because [explain why]
   │       // forge-lint: disable-next-line(unsafe-typecast)
   │       
   │       
   ╰ help: https://book.getfoundry.sh/reference/forge/forge-lint#unsafe-typecast

warning[unsafe-typecast]: typecasts that can truncate values should be checked
   ╭▸ contracts/v1/test/testnet/SwapAdapter.sol:35:16
   │
35 │             / (uint256(tokenOutPrice) * 10 ** tokenInPriceDecimals * 10 ** tokenInDecimals);
   │                ━━━━━━━━━━━━━━━━━━━━━━
   │
   ├ note: consider disabling this lint if you're certain the cast is safe
   │       
   │       // casting to 'uint256' is safe because [explain why]
   │       // forge-lint: disable-next-line(unsafe-typecast)
   │       
   │       
   ╰ help: https://book.getfoundry.sh/reference/forge/forge-lint#unsafe-typecast

warning[erc20-unchecked-transfer]: ERC20 'transfer' and 'transferFrom' calls should check the return value
   ╭▸ contracts/v1/test/testnet/SwapAdapter.sol:38:9
   │
38 │         IERC20(tokenIn).transfer(pool, amount);
   │         ━━━━━━━━━━━━━━━━━━━━━━━━━━━━━━━━━━━━━━
   │
   ╰ help: https://book.getfoundry.sh/reference/forge/forge-lint#erc20-unchecked-transfer

warning[unsafe-typecast]: typecasts that can truncate values should be checked
   ╭▸ contracts/v1/test/testnet/Faucet.sol:71:92
   │
71 │             uint256 mintAmt = (mintUsdValue * 10 ** (priceFeedDecimals + tokenDecimals)) / uint256(answer);
   │                                                                                            ━━━━━━━━━━━━━━━
   │
   ├ note: consider disabling this lint if you're certain the cast is safe
   │       
   │       // casting to 'uint256' is safe because [explain why]
   │       // forge-lint: disable-next-line(unsafe-typecast)
   │       
   │       
   ╰ help: https://book.getfoundry.sh/reference/forge/forge-lint#unsafe-typecast

warning[unsafe-typecast]: typecasts that can truncate values should be checked
   ╭▸ contracts/v1/test/testnet/Faucet.sol:85:89
   │
85 │             uint256 mintAmt = (mintValue * 10 ** (priceFeedDecimals + tokenDecimals)) / uint256(answer);
   │                                                                                         ━━━━━━━━━━━━━━━
   │
   ├ note: consider disabling this lint if you're certain the cast is safe
   │       
   │       // casting to 'uint256' is safe because [explain why]
   │       // forge-lint: disable-next-line(unsafe-typecast)
   │       
   │       
   ╰ help: https://book.getfoundry.sh/reference/forge/forge-lint#unsafe-typecast

warning[unsafe-typecast]: typecasts that can truncate values should be checked
   ╭▸ contracts/v1/test/testnet/Faucet.sol:97:92
   │
97 │             uint256 mintAmt = (mintUsdValue * 10 ** (priceFeedDecimals + tokenDecimals)) / uint256(answer);
   │                                                                                            ━━━━━━━━━━━━━━━
   │
   ├ note: consider disabling this lint if you're certain the cast is safe
   │       
   │       // casting to 'uint256' is safe because [explain why]
   │       // forge-lint: disable-next-line(unsafe-typecast)
   │       
   │       
   ╰ help: https://book.getfoundry.sh/reference/forge/forge-lint#unsafe-typecast

warning[unsafe-typecast]: typecasts that can truncate values should be checked
    ╭▸ contracts/v2/vault/OrderManagerV2.sol:293:25
    │
293 │             ftChanges = uint256(deltaFt) * Constants.DECIMAL_BASE_SQ;
    │                         ━━━━━━━━━━━━━━━━
    │
    ├ note: consider disabling this lint if you're certain the cast is safe
    │       
    │       // casting to 'uint256' is safe because [explain why]
    │       // forge-lint: disable-next-line(unsafe-typecast)
    │       
    │       
    ╰ help: https://book.getfoundry.sh/reference/forge/forge-lint#unsafe-typecast

warning[unsafe-typecast]: typecasts that can truncate values should be checked
    ╭▸ contracts/v2/vault/OrderManagerV2.sol:304:71
    │
304 │                 _releaseLiquidity(ITermMaxOrder(orderAddress), asset, uint256(-finalXtReserve));
    │                                                                       ━━━━━━━━━━━━━━━━━━━━━━━━
    │
    ├ note: consider disabling this lint if you're certain the cast is safe
    │       
    │       // casting to 'uint256' is safe because [explain why]
    │       // forge-lint: disable-next-line(unsafe-typecast)
    │       
    │       
    ╰ help: https://book.getfoundry.sh/reference/forge/forge-lint#unsafe-typecast

warning[unsafe-typecast]: typecasts that can truncate values should be checked
    ╭▸ contracts/v2/vault/OrderManagerV2.sol:307:25
    │
307 │             ftChanges = uint256(-deltaFt) * Constants.DECIMAL_BASE_SQ;
    │                         ━━━━━━━━━━━━━━━━━
    │
    ├ note: consider disabling this lint if you're certain the cast is safe
    │       
    │       // casting to 'uint256' is safe because [explain why]
    │       // forge-lint: disable-next-line(unsafe-typecast)
    │       
    │       
    ╰ help: https://book.getfoundry.sh/reference/forge/forge-lint#unsafe-typecast

warning[unsafe-typecast]: typecasts that can truncate values should be checked
    ╭▸ contracts/v2/vault/OrderManagerV2.sol:314:33
    │
314 │             _maturityToInterest[uint64(maturity)] = maturityInterest - deltaAnnualizedInterest;
    │                                 ━━━━━━━━━━━━━━━━
    │
    ├ note: consider disabling this lint if you're certain the cast is safe
    │       
    │       // casting to 'uint64' is safe because [explain why]
    │       // forge-lint: disable-next-line(unsafe-typecast)
    │       
    │       
    ╰ help: https://book.getfoundry.sh/reference/forge/forge-lint#unsafe-typecast

warning[erc20-unchecked-transfer]: ERC20 'transfer' and 'transferFrom' calls should check the return value
   ╭▸ contracts/v1/test/MockSwapAdapter.sol:22:9
   │
22 │         IERC20(tokenIn).transfer(pool, amount);
   │         ━━━━━━━━━━━━━━━━━━━━━━━━━━━━━━━━━━━━━━
   │
   ╰ help: https://book.getfoundry.sh/reference/forge/forge-lint#erc20-unchecked-transfer

warning[erc20-unchecked-transfer]: ERC20 'transfer' and 'transferFrom' calls should check the return value
   ╭▸ contracts/v1/test/MockFlashLoanReceiver.sol:35:9
   │
35 │         xt.transferFrom(msg.sender, address(this), xtAmt);
   │         ━━━━━━━━━━━━━━━━━━━━━━━━━━━━━━━━━━━━━━━━━━━━━━━━━
   │
   ╰ help: https://book.getfoundry.sh/reference/forge/forge-lint#erc20-unchecked-transfer

warning[block-timestamp]: usage of `block.timestamp` in a comparison may be manipulated by validators
    ╭▸ contracts/v2/tokens/AbstractGearingTokenV2.sol:209:13
    │
209 │         if (config.maturity <= block.timestamp) {
    │             ━━━━━━━━━━━━━━━━━━━━━━━━━━━━━━━━━━
    │
    ╰ help: https://book.getfoundry.sh/reference/forge/forge-lint#block-timestamp

warning[block-timestamp]: usage of `block.timestamp` in a comparison may be manipulated by validators
    ╭▸ contracts/v2/tokens/AbstractGearingTokenV2.sol:255:13
    │
255 │         if (config.maturity <= block.timestamp) {
    │             ━━━━━━━━━━━━━━━━━━━━━━━━━━━━━━━━━━
    │
    ╰ help: https://book.getfoundry.sh/reference/forge/forge-lint#block-timestamp

warning[block-timestamp]: usage of `block.timestamp` in a comparison may be manipulated by validators
    ╭▸ contracts/v2/tokens/AbstractGearingTokenV2.sol:283:13
    │
283 │         if (config.maturity <= block.timestamp) {
    │             ━━━━━━━━━━━━━━━━━━━━━━━━━━━━━━━━━━
    │
    ╰ help: https://book.getfoundry.sh/reference/forge/forge-lint#block-timestamp

warning[block-timestamp]: usage of `block.timestamp` in a comparison may be manipulated by validators
    ╭▸ contracts/v2/tokens/AbstractGearingTokenV2.sol:339:13
    │
339 │         if (config.maturity <= block.timestamp) {
    │             ━━━━━━━━━━━━━━━━━━━━━━━━━━━━━━━━━━
    │
    ╰ help: https://book.getfoundry.sh/reference/forge/forge-lint#block-timestamp

warning[block-timestamp]: usage of `block.timestamp` in a comparison may be manipulated by validators
    ╭▸ contracts/v2/tokens/AbstractGearingTokenV2.sol:398:13
    │
398 │         if (config.maturity <= block.timestamp) {
    │             ━━━━━━━━━━━━━━━━━━━━━━━━━━━━━━━━━━
    │
    ╰ help: https://book.getfoundry.sh/reference/forge/forge-lint#block-timestamp

warning[block-timestamp]: usage of `block.timestamp` in a comparison may be manipulated by validators
    ╭▸ contracts/v2/tokens/AbstractGearingTokenV2.sol:432:13
    │
432 │         if (config.maturity <= block.timestamp) {
    │             ━━━━━━━━━━━━━━━━━━━━━━━━━━━━━━━━━━
    │
    ╰ help: https://book.getfoundry.sh/reference/forge/forge-lint#block-timestamp

warning[block-timestamp]: usage of `block.timestamp` in a comparison may be manipulated by validators
    ╭▸ contracts/v2/tokens/AbstractGearingTokenV2.sol:462:13
    │
462 │         if (_config.maturity <= block.timestamp) {
    │             ━━━━━━━━━━━━━━━━━━━━━━━━━━━━━━━━━━━
    │
    ╰ help: https://book.getfoundry.sh/reference/forge/forge-lint#block-timestamp

warning[block-timestamp]: usage of `block.timestamp` in a comparison may be manipulated by validators
    ╭▸ contracts/v2/tokens/AbstractGearingTokenV2.sol:506:17
    │
506 │             if (block.timestamp >= config.maturity + Constants.LIQUIDATION_WINDOW) {
    │                 ━━━━━━━━━━━━━━━━━━━━━━━━━━━━━━━━━━━━━━━━━━━━━━━━━━━━━━━━━━━━━━━━━
    │
    ╰ help: https://book.getfoundry.sh/reference/forge/forge-lint#block-timestamp

warning[block-timestamp]: usage of `block.timestamp` in a comparison may be manipulated by validators
    ╭▸ contracts/v2/tokens/AbstractGearingTokenV2.sol:508:24
    │
508 │             } else if (block.timestamp >= config.maturity) {
    │                        ━━━━━━━━━━━━━━━━━━━━━━━━━━━━━━━━━━
    │
    ╰ help: https://book.getfoundry.sh/reference/forge/forge-lint#block-timestamp

warning[block-timestamp]: usage of `block.timestamp` in a comparison may be manipulated by validators
    ╭▸ contracts/v2/tokens/AbstractGearingTokenV2.sol:540:17
    │
540 │             if (block.timestamp >= liquidationDeadline) {
    │                 ━━━━━━━━━━━━━━━━━━━━━━━━━━━━━━━━━━━━━━
    │
    ╰ help: https://book.getfoundry.sh/reference/forge/forge-lint#block-timestamp

warning[erc20-unchecked-transfer]: ERC20 'transfer' and 'transferFrom' calls should check the return value
   ╭▸ contracts/v2/test/MockSwapAdapterV2.sol:22:9
   │
22 │         IERC20(tokenIn).transfer(pool, amount);
   │         ━━━━━━━━━━━━━━━━━━━━━━━━━━━━━━━━━━━━━━
   │
   ╰ help: https://book.getfoundry.sh/reference/forge/forge-lint#erc20-unchecked-transfer

warning[unsafe-typecast]: typecasts that can truncate values should be checked
   ╭▸ contracts/v2/test/testnet/SwapAdapterV2.sol:35:33
   │
35 │         tokenOutAmt = (amount * uint256(tokenInPrice) * 10 ** tokenOutPriceDecimals * 10 ** tokenOutDecimals)
   │                                 ━━━━━━━━━━━━━━━━━━━━━
   │
   ├ note: consider disabling this lint if you're certain the cast is safe
   │       
   │       // casting to 'uint256' is safe because [explain why]
   │       // forge-lint: disable-next-line(unsafe-typecast)
   │       
   │       
   ╰ help: https://book.getfoundry.sh/reference/forge/forge-lint#unsafe-typecast

warning[unsafe-typecast]: typecasts that can truncate values should be checked
   ╭▸ contracts/v2/test/testnet/SwapAdapterV2.sol:36:16
   │
36 │             / (uint256(tokenOutPrice) * 10 ** tokenInPriceDecimals * 10 ** tokenInDecimals);
   │                ━━━━━━━━━━━━━━━━━━━━━━
   │
   ├ note: consider disabling this lint if you're certain the cast is safe
   │       
   │       // casting to 'uint256' is safe because [explain why]
   │       // forge-lint: disable-next-line(unsafe-typecast)
   │       
   │       
   ╰ help: https://book.getfoundry.sh/reference/forge/forge-lint#unsafe-typecast

warning[erc20-unchecked-transfer]: ERC20 'transfer' and 'transferFrom' calls should check the return value
   ╭▸ contracts/v2/test/testnet/SwapAdapterV2.sol:37:9
   │
37 │         IERC20(tokenIn).transfer(pool, amount);
   │         ━━━━━━━━━━━━━━━━━━━━━━━━━━━━━━━━━━━━━━
   │
   ╰ help: https://book.getfoundry.sh/reference/forge/forge-lint#erc20-unchecked-transfer

warning[block-timestamp]: usage of `block.timestamp` in a comparison may be manipulated by validators
   ╭▸ contracts/v2/test/MockOrderV2.sol:74:13
   │
74 │         if (block.timestamp >= maturity) {
   │             ━━━━━━━━━━━━━━━━━━━━━━━━━━━
   │
   ╰ help: https://book.getfoundry.sh/reference/forge/forge-lint#block-timestamp

warning[divide-before-multiply]: multiplication should occur before division to avoid loss of precision
    ╭▸ contracts/v2/test/MockOrderV2.sol:147:13
    │
147 │             ((lendVFtReserve * Constants.DECIMAL_BASE * Constants.DAYS_IN_YEAR) / lendVXtReserve) * daysToMaturity;
    │             ━━━━━━━━━━━━━━━━━━━━━━━━━━━━━━━━━━━━━━━━━━━━━━━━━━━━━━━━━━━━━━━━━━━━━━━━━━━━━━━━━━━━━━━━━━━━━━━━━━━━━━
    │
    ╰ help: https://book.getfoundry.sh/reference/forge/forge-lint#divide-before-multiply

warning[divide-before-multiply]: multiplication should occur before division to avoid loss of precision
    ╭▸ contracts/v2/test/MockOrderV2.sol:154:13
    │
154 │             ((borrowVFtReserve * Constants.DECIMAL_BASE * Constants.DAYS_IN_YEAR) / borrowVXtReserve) * daysToMaturity;
    │             ━━━━━━━━━━━━━━━━━━━━━━━━━━━━━━━━━━━━━━━━━━━━━━━━━━━━━━━━━━━━━━━━━━━━━━━━━━━━━━━━━━━━━━━━━━━━━━━━━━━━━━━━━━
    │
    ╰ help: https://book.getfoundry.sh/reference/forge/forge-lint#divide-before-multiply

warning[erc20-unchecked-transfer]: ERC20 'transfer' and 'transferFrom' calls should check the return value
   ╭▸ contracts/v2/test/MockAave.sol:40:9
   │
40 │         IERC20(asset).transferFrom(msg.sender, address(this), amount);
   │         ━━━━━━━━━━━━━━━━━━━━━━━━━━━━━━━━━━━━━━━━━━━━━━━━━━━━━━━━━━━━━
   │
   ╰ help: https://book.getfoundry.sh/reference/forge/forge-lint#erc20-unchecked-transfer

warning[erc20-unchecked-transfer]: ERC20 'transfer' and 'transferFrom' calls should check the return value
   ╭▸ contracts/v2/test/MockAave.sol:56:9
   │
56 │         IERC20(asset).transfer(to, amount);
   │         ━━━━━━━━━━━━━━━━━━━━━━━━━━━━━━━━━━
   │
   ╰ help: https://book.getfoundry.sh/reference/forge/forge-lint#erc20-unchecked-transfer

warning[erc20-unchecked-transfer]: ERC20 'transfer' and 'transferFrom' calls should check the return value
   ╭▸ contracts/mocks/MockVToken.sol:75:9
   │
75 │         IERC20(_underlying).transferFrom(msg.sender, address(this), mintAmount);
   │         ━━━━━━━━━━━━━━━━━━━━━━━━━━━━━━━━━━━━━━━━━━━━━━━━━━━━━━━━━━━━━━━━━━━━━━━
   │
   ╰ help: https://book.getfoundry.sh/reference/forge/forge-lint#erc20-unchecked-transfer

warning[erc20-unchecked-transfer]: ERC20 'transfer' and 'transferFrom' calls should check the return value
   ╭▸ contracts/mocks/MockVToken.sol:84:9
   │
84 │         IERC20(_underlying).transferFrom(msg.sender, address(this), mintAmount);
   │         ━━━━━━━━━━━━━━━━━━━━━━━━━━━━━━━━━━━━━━━━━━━━━━━━━━━━━━━━━━━━━━━━━━━━━━━
   │
   ╰ help: https://book.getfoundry.sh/reference/forge/forge-lint#erc20-unchecked-transfer

warning[erc20-unchecked-transfer]: ERC20 'transfer' and 'transferFrom' calls should check the return value
   ╭▸ contracts/mocks/MockVToken.sol:94:9
   │
94 │         IERC20(_underlying).transfer(msg.sender, redeemAmount);
   │         ━━━━━━━━━━━━━━━━━━━━━━━━━━━━━━━━━━━━━━━━━━━━━━━━━━━━━━
   │
   ╰ help: https://book.getfoundry.sh/reference/forge/forge-lint#erc20-unchecked-transfer

warning[erc20-unchecked-transfer]: ERC20 'transfer' and 'transferFrom' calls should check the return value
    ╭▸ contracts/mocks/MockVToken.sol:103:9
    │
103 │         IERC20(_underlying).transfer(redeemer, redeemAmount);
    │         ━━━━━━━━━━━━━━━━━━━━━━━━━━━━━━━━━━━━━━━━━━━━━━━━━━━━
    │
    ╰ help: https://book.getfoundry.sh/reference/forge/forge-lint#erc20-unchecked-transfer

warning[erc20-unchecked-transfer]: ERC20 'transfer' and 'transferFrom' calls should check the return value
    ╭▸ contracts/mocks/MockVToken.sol:111:9
    │
111 │         IERC20(_underlying).transfer(msg.sender, redeemAmount);
    │         ━━━━━━━━━━━━━━━━━━━━━━━━━━━━━━━━━━━━━━━━━━━━━━━━━━━━━━
    │
    ╰ help: https://book.getfoundry.sh/reference/forge/forge-lint#erc20-unchecked-transfer

warning[erc20-unchecked-transfer]: ERC20 'transfer' and 'transferFrom' calls should check the return value
    ╭▸ contracts/mocks/MockVToken.sol:119:9
    │
119 │         IERC20(_underlying).transfer(redeemer, redeemAmount);
    │         ━━━━━━━━━━━━━━━━━━━━━━━━━━━━━━━━━━━━━━━━━━━━━━━━━━━━
    │
    ╰ help: https://book.getfoundry.sh/reference/forge/forge-lint#erc20-unchecked-transfer

warning[erc20-unchecked-transfer]: ERC20 'transfer' and 'transferFrom' calls should check the return value
    ╭▸ contracts/mocks/MockVToken.sol:125:9
    │
125 │         IERC20(_underlying).transfer(msg.sender, borrowAmount);
    │         ━━━━━━━━━━━━━━━━━━━━━━━━━━━━━━━━━━━━━━━━━━━━━━━━━━━━━━
    │
    ╰ help: https://book.getfoundry.sh/reference/forge/forge-lint#erc20-unchecked-transfer

warning[erc20-unchecked-transfer]: ERC20 'transfer' and 'transferFrom' calls should check the return value
    ╭▸ contracts/mocks/MockVToken.sol:133:9
    │
133 │         IERC20(_underlying).transfer(borrower, borrowAmount);
    │         ━━━━━━━━━━━━━━━━━━━━━━━━━━━━━━━━━━━━━━━━━━━━━━━━━━━━
    │
    ╰ help: https://book.getfoundry.sh/reference/forge/forge-lint#erc20-unchecked-transfer

warning[erc20-unchecked-transfer]: ERC20 'transfer' and 'transferFrom' calls should check the return value
    ╭▸ contracts/mocks/MockVToken.sol:141:9
    │
141 │         IERC20(_underlying).transferFrom(msg.sender, address(this), repayAmount);
    │         ━━━━━━━━━━━━━━━━━━━━━━━━━━━━━━━━━━━━━━━━━━━━━━━━━━━━━━━━━━━━━━━━━━━━━━━━
    │
    ╰ help: https://book.getfoundry.sh/reference/forge/forge-lint#erc20-unchecked-transfer

warning[erc20-unchecked-transfer]: ERC20 'transfer' and 'transferFrom' calls should check the return value
    ╭▸ contracts/mocks/MockVToken.sol:153:9
    │
153 │         IERC20(_underlying).transferFrom(msg.sender, address(this), repayAmount);
    │         ━━━━━━━━━━━━━━━━━━━━━━━━━━━━━━━━━━━━━━━━━━━━━━━━━━━━━━━━━━━━━━━━━━━━━━━━
    │
    ╰ help: https://book.getfoundry.sh/reference/forge/forge-lint#erc20-unchecked-transfer

warning[erc20-unchecked-transfer]: ERC20 'transfer' and 'transferFrom' calls should check the return value
    ╭▸ contracts/mocks/MockVToken.sol:170:9
    │
170 │         IERC20(_underlying).transferFrom(msg.sender, address(this), repayAmount);
    │         ━━━━━━━━━━━━━━━━━━━━━━━━━━━━━━━━━━━━━━━━━━━━━━━━━━━━━━━━━━━━━━━━━━━━━━━━
    │
    ╰ help: https://book.getfoundry.sh/reference/forge/forge-lint#erc20-unchecked-transfer

warning[erc20-unchecked-transfer]: ERC20 'transfer' and 'transferFrom' calls should check the return value
    ╭▸ contracts/mocks/MockVToken.sol:218:9
    │
218 │         IERC20(_underlying).transfer(msg.sender, reduceAmount);
    │         ━━━━━━━━━━━━━━━━━━━━━━━━━━━━━━━━━━━━━━━━━━━━━━━━━━━━━━
    │
    ╰ help: https://book.getfoundry.sh/reference/forge/forge-lint#erc20-unchecked-transfer

warning[erc20-unchecked-transfer]: ERC20 'transfer' and 'transferFrom' calls should check the return value
    ╭▸ contracts/mocks/MockVToken.sol:230:9
    │
230 │         IERC20(_underlying).transferFrom(msg.sender, address(this), addAmount);
    │         ━━━━━━━━━━━━━━━━━━━━━━━━━━━━━━━━━━━━━━━━━━━━━━━━━━━━━━━━━━━━━━━━━━━━━━
    │
    ╰ help: https://book.getfoundry.sh/reference/forge/forge-lint#erc20-unchecked-transfer

warning[unsafe-typecast]: typecasts that can truncate values should be checked
   ╭▸ contracts/v2/oracle/SimpleAggregator.sol:24:17
   │
24 │         price = uint256(answer);
   │                 ━━━━━━━━━━━━━━━
   │
   ├ note: consider disabling this lint if you're certain the cast is safe
   │       
   │       // casting to 'uint256' is safe because [explain why]
   │       // forge-lint: disable-next-line(unsafe-typecast)
   │       
   │       
   ╰ help: https://book.getfoundry.sh/reference/forge/forge-lint#unsafe-typecast

warning[unsafe-typecast]: typecasts that can truncate values should be checked
    ╭▸ contracts/v2/oracle/adapters/beefy/TermMaxBeefySharePriceFeedAdapter.sol:152:28
    │
152 │         uint256 priceNum = uint256(answer0) * 10 ** (token1Decimals + token1PriceDecimals);
    │                            ━━━━━━━━━━━━━━━━
    │
    ├ note: consider disabling this lint if you're certain the cast is safe
    │       
    │       // casting to 'uint256' is safe because [explain why]
    │       // forge-lint: disable-next-line(unsafe-typecast)
    │       
    │       
    ╰ help: https://book.getfoundry.sh/reference/forge/forge-lint#unsafe-typecast

warning[unsafe-typecast]: typecasts that can truncate values should be checked
    ╭▸ contracts/v2/oracle/adapters/beefy/TermMaxBeefySharePriceFeedAdapter.sol:153:28
    │
153 │         uint256 priceDen = uint256(answer1) * 10 ** (token0Decimals + token0PriceDecimals);
    │                            ━━━━━━━━━━━━━━━━
    │
    ├ note: consider disabling this lint if you're certain the cast is safe
    │       
    │       // casting to 'uint256' is safe because [explain why]
    │       // forge-lint: disable-next-line(unsafe-typecast)
    │       
    │       
    ╰ help: https://book.getfoundry.sh/reference/forge/forge-lint#unsafe-typecast

