No files changed, compilation skipped
warning[unsafe-typecast]: typecasts that can truncate values should be checked
    ╭▸ source/core-v3/contracts/core/PriceOracleV3.sol:216:17
    │
216 │         price = uint256(answer);
    │                 ━━━━━━━━━━━━━━━
    │
    ├ note: consider disabling this lint if you're certain the cast is safe
    │       
    │       // casting to 'uint256' is safe because [explain why]
    │       // forge-lint: disable-next-line(unsafe-typecast)
    │       
    │       
    ╰ help: https://book.getfoundry.sh/reference/forge/forge-lint#unsafe-typecast

warning[unsafe-typecast]: typecasts that can truncate values should be checked
    ╭▸ source/core-v3/contracts/libraries/CollateralLogic.sol:118:14
    │
118 │         lt = uint16(packedQuota >> 96);
    │              ━━━━━━━━━━━━━━━━━━━━━━━━━
    │
    ├ note: consider disabling this lint if you're certain the cast is safe
    │       
    │       // casting to 'uint16' is safe because [explain why]
    │       // forge-lint: disable-next-line(unsafe-typecast)
    │       
    │       
    ╰ help: https://book.getfoundry.sh/reference/forge/forge-lint#unsafe-typecast

warning[unsafe-typecast]: typecasts that can truncate values should be checked
    ╭▸ source/core-v3/contracts/libraries/CollateralLogic.sol:119:17
    │
119 │         quota = uint96(packedQuota);
    │                 ━━━━━━━━━━━━━━━━━━━
    │
    ├ note: consider disabling this lint if you're certain the cast is safe
    │       
    │       // casting to 'uint96' is safe because [explain why]
    │       // forge-lint: disable-next-line(unsafe-typecast)
    │       
    │       
    ╰ help: https://book.getfoundry.sh/reference/forge/forge-lint#unsafe-typecast

warning[unsafe-typecast]: typecasts that can truncate values should be checked
   ╭▸ source/core-v3/contracts/test/config/MockTokensData.sol:26:24
   │
26 │                 price: int256(DAI_WETH_RATE) * 10 ** 8,
   │                        ━━━━━━━━━━━━━━━━━━━━━
   │
   ├ note: consider disabling this lint if you're certain the cast is safe
   │       
   │       // casting to 'int256' is safe because [explain why]
   │       // forge-lint: disable-next-line(unsafe-typecast)
   │       
   │       
   ╰ help: https://book.getfoundry.sh/reference/forge/forge-lint#unsafe-typecast

warning[unsafe-typecast]: typecasts that can truncate values should be checked
    ╭▸ source/core-v3/contracts/core/AliasedLossPolicyV3.sol:309:16
    │
309 │         return uint256(answer) * amount / (10 ** aliasParams.tokenDecimals);
    │                ━━━━━━━━━━━━━━━
    │
    ├ note: consider disabling this lint if you're certain the cast is safe
    │       
    │       // casting to 'uint256' is safe because [explain why]
    │       // forge-lint: disable-next-line(unsafe-typecast)
    │       
    │       
    ╰ help: https://book.getfoundry.sh/reference/forge/forge-lint#unsafe-typecast

warning[unsafe-typecast]: typecasts that can truncate values should be checked
   ╭▸ source/core-v3/contracts/test/config/MockCreditConfig.sol:75:22
   │
75 │         cp.minDebt = uint128(getAccountAmount / 2);
   │                      ━━━━━━━━━━━━━━━━━━━━━━━━━━━━━
   │
   ├ note: consider disabling this lint if you're certain the cast is safe
   │       
   │       // casting to 'uint128' is safe because [explain why]
   │       // forge-lint: disable-next-line(unsafe-typecast)
   │       
   │       
   ╰ help: https://book.getfoundry.sh/reference/forge/forge-lint#unsafe-typecast

warning[unsafe-typecast]: typecasts that can truncate values should be checked
   ╭▸ source/core-v3/contracts/test/config/MockCreditConfig.sol:76:22
   │
76 │         cp.maxDebt = uint128(10 * getAccountAmount);
   │                      ━━━━━━━━━━━━━━━━━━━━━━━━━━━━━━
   │
   ├ note: consider disabling this lint if you're certain the cast is safe
   │       
   │       // casting to 'uint128' is safe because [explain why]
   │       // forge-lint: disable-next-line(unsafe-typecast)
   │       
   │       
   ╰ help: https://book.getfoundry.sh/reference/forge/forge-lint#unsafe-typecast

warning[block-timestamp]: usage of `block.timestamp` in a comparison may be manipulated by validators
   ╭▸ source/core-v3/contracts/core/DefaultAccountFactoryV3.sol:87:32
   │
87 │         if (head == fp.tail || block.timestamp < _queuedAccounts[msg.sender][head].reusableAfter) {
   │                                ━━━━━━━━━━━━━━━━━━━━━━━━━━━━━━━━━━━━━━━━━━━━━━━━━━━━━━━━━━━━━━━━━
   │
   ╰ help: https://book.getfoundry.sh/reference/forge/forge-lint#block-timestamp

Warning: AST source not found for /workspaces/gearbox-audit/source/core-v3/contracts/test/invaritants/TargetAttacker.sol
warning[block-timestamp]: usage of `block.timestamp` in a comparison may be manipulated by validators
    ╭▸ source/core-v3/contracts/core/GearStakingV3.sol:292:13
    │
292 │         if (block.timestamp < firstEpochTimestamp) return 0; // U:[GS-1]
    │             ━━━━━━━━━━━━━━━━━━━━━━━━━━━━━━━━━━━━━
    │
    ╰ help: https://book.getfoundry.sh/reference/forge/forge-lint#block-timestamp

warning[unsafe-typecast]: typecasts that can truncate values should be checked
    ╭▸ source/core-v3/contracts/core/GearStakingV3.sol:295:20
    │
295 │             return uint16((block.timestamp - firstEpochTimestamp) / EPOCH_LENGTH) + 1; // U:[GS-1]
    │                    ━━━━━━━━━━━━━━━━━━━━━━━━━━━━━━━━━━━━━━━━━━━━━━━━━━━━━━━━━━━━━━
    │
    ├ note: consider disabling this lint if you're certain the cast is safe
    │       
    │       // casting to 'uint16' is safe because [explain why]
    │       // forge-lint: disable-next-line(unsafe-typecast)
    │       
    │       
    ╰ help: https://book.getfoundry.sh/reference/forge/forge-lint#unsafe-typecast

warning[unsafe-typecast]: typecasts that can truncate values should be checked
   ╭▸ source/core-v3/contracts/test/unit/pool/PoolV3Harness.sol:35:32
   │
35 │         _expectedLiquidityLU = uint128(value);
   │                                ━━━━━━━━━━━━━━
   │
   ├ note: consider disabling this lint if you're certain the cast is safe
   │       
   │       // casting to 'uint128' is safe because [explain why]
   │       // forge-lint: disable-next-line(unsafe-typecast)
   │       
   │       
   ╰ help: https://book.getfoundry.sh/reference/forge/forge-lint#unsafe-typecast

warning[unsafe-typecast]: typecasts that can truncate values should be checked
   ╭▸ source/core-v3/contracts/test/unit/pool/PoolV3Harness.sol:43:31
   │
43 │         _totalDebt.borrowed = uint128(value);
   │                               ━━━━━━━━━━━━━━
   │
   ├ note: consider disabling this lint if you're certain the cast is safe
   │       
   │       // casting to 'uint128' is safe because [explain why]
   │       // forge-lint: disable-next-line(unsafe-typecast)
   │       
   │       
   ╰ help: https://book.getfoundry.sh/reference/forge/forge-lint#unsafe-typecast

warning[unsafe-typecast]: typecasts that can truncate values should be checked
   ╭▸ source/core-v3/contracts/test/unit/pool/PoolV3Harness.sol:47:54
   │
47 │         _creditManagerDebt[creditManager].borrowed = uint128(value);
   │                                                      ━━━━━━━━━━━━━━
   │
   ├ note: consider disabling this lint if you're certain the cast is safe
   │       
   │       // casting to 'uint128' is safe because [explain why]
   │       // forge-lint: disable-next-line(unsafe-typecast)
   │       
   │       
   ╰ help: https://book.getfoundry.sh/reference/forge/forge-lint#unsafe-typecast

warning[unsafe-typecast]: typecasts that can truncate values should be checked
   ╭▸ source/core-v3/contracts/test/unit/pool/PoolV3Harness.sol:55:29
   │
55 │         _baseInterestRate = uint128(value);
   │                             ━━━━━━━━━━━━━━
   │
   ├ note: consider disabling this lint if you're certain the cast is safe
   │       
   │       // casting to 'uint128' is safe because [explain why]
   │       // forge-lint: disable-next-line(unsafe-typecast)
   │       
   │       
   ╰ help: https://book.getfoundry.sh/reference/forge/forge-lint#unsafe-typecast

warning[unsafe-typecast]: typecasts that can truncate values should be checked
   ╭▸ source/core-v3/contracts/test/unit/pool/PoolV3Harness.sol:60:32
   │
60 │         _baseInterestIndexLU = uint128(value);
   │                                ━━━━━━━━━━━━━━
   │
   ├ note: consider disabling this lint if you're certain the cast is safe
   │       
   │       // casting to 'uint128' is safe because [explain why]
   │       // forge-lint: disable-next-line(unsafe-typecast)
   │       
   │       
   ╰ help: https://book.getfoundry.sh/reference/forge/forge-lint#unsafe-typecast

warning[unsafe-typecast]: typecasts that can truncate values should be checked
   ╭▸ source/core-v3/contracts/test/unit/pool/PoolV3Harness.sol:80:25
   │
80 │         _quotaRevenue = uint96(value);
   │                         ━━━━━━━━━━━━━
   │
   ├ note: consider disabling this lint if you're certain the cast is safe
   │       
   │       // casting to 'uint96' is safe because [explain why]
   │       // forge-lint: disable-next-line(unsafe-typecast)
   │       
   │       
   ╰ help: https://book.getfoundry.sh/reference/forge/forge-lint#unsafe-typecast

warning[unsafe-typecast]: typecasts that can truncate values should be checked
   ╭▸ source/core-v3/contracts/test/unit/pool/PoolV3Harness.sol:93:24
   │
93 │         _transferFee = uint16(value);
   │                        ━━━━━━━━━━━━━
   │
   ├ note: consider disabling this lint if you're certain the cast is safe
   │       
   │       // casting to 'uint16' is safe because [explain why]
   │       // forge-lint: disable-next-line(unsafe-typecast)
   │       
   │       
   ╰ help: https://book.getfoundry.sh/reference/forge/forge-lint#unsafe-typecast

warning[incorrect-shift]: the order of args in a shift operation is incorrect
   ╭▸ source/core-v3/contracts/test/unit/libraries/CollateralLogicHelper.sol:91:24
   │
91 │         uint256 mask = 1 << index;
   │                        ━━━━━━━━━━
   │
   ╰ help: https://book.getfoundry.sh/reference/forge/forge-lint#incorrect-shift

warning[unsafe-typecast]: typecasts that can truncate values should be checked
   ╭▸ source/core-v3/contracts/test/unit/libraries/CollateralLogicHelper.sol:50:55
   │
50 │             deploy(tokens[i].index, tokens[i].symbol, uint8(i));
   │                                                       ━━━━━━━━
   │
   ├ note: consider disabling this lint if you're certain the cast is safe
   │       
   │       // casting to 'uint8' is safe because [explain why]
   │       // forge-lint: disable-next-line(unsafe-typecast)
   │       
   │       
   ╰ help: https://book.getfoundry.sh/reference/forge/forge-lint#unsafe-typecast

warning[block-timestamp]: usage of `block.timestamp` in a comparison may be manipulated by validators
     ╭▸ source/core-v3/contracts/credit/CreditFacadeV3.sol:1039:40
     │
1039 │         return _expirationDate != 0 && block.timestamp >= _expirationDate; // U:[FA-46]
     │                                        ━━━━━━━━━━━━━━━━━━━━━━━━━━━━━━━━━━
     │
     ╰ help: https://book.getfoundry.sh/reference/forge/forge-lint#block-timestamp

warning[unsafe-typecast]: typecasts that can truncate values should be checked
    ╭▸ source/core-v3/contracts/credit/CreditFacadeV3.sol:943:32
    │
943 │         totalBorrowedInBlock = uint128(newDebtInCurrentBlock); // U:[FA-43]
    │                                ━━━━━━━━━━━━━━━━━━━━━━━━━━━━━━
    │
    ├ note: consider disabling this lint if you're certain the cast is safe
    │       
    │       // casting to 'uint128' is safe because [explain why]
    │       // forge-lint: disable-next-line(unsafe-typecast)
    │       
    │       
    ╰ help: https://book.getfoundry.sh/reference/forge/forge-lint#unsafe-typecast

warning[erc20-unchecked-transfer]: ERC20 'transfer' and 'transferFrom' calls should check the return value
   ╭▸ source/core-v3/contracts/test/suites/TokensTestSuiteHelper.sol:37:13
   │
37 │             IERC20(token).transfer(to, amount);
   │             ━━━━━━━━━━━━━━━━━━━━━━━━━━━━━━━━━━
   │
   ╰ help: https://book.getfoundry.sh/reference/forge/forge-lint#erc20-unchecked-transfer

warning[incorrect-shift]: the order of args in a shift operation is incorrect
     ╭▸ source/core-v3/contracts/credit/CreditManagerV3.sol:1186:29
     │
1186 │         uint256 tokenMask = 1 << collateralTokensCount; // U:[CM-39]
     │                             ━━━━━━━━━━━━━━━━━━━━━━━━━━
     │
     ╰ help: https://book.getfoundry.sh/reference/forge/forge-lint#incorrect-shift

warning[unsafe-typecast]: typecasts that can truncate values should be checked
    ╭▸ source/core-v3/contracts/credit/CreditManagerV3.sol:838:69
    │
838 │                 quotasPacked[tokensIdx] = CollateralLogic.packQuota(uint96(quota), lt);
    │                                                                     ━━━━━━━━━━━━━
    │
    ├ note: consider disabling this lint if you're certain the cast is safe
    │       
    │       // casting to 'uint96' is safe because [explain why]
    │       // forge-lint: disable-next-line(unsafe-typecast)
    │       
    │       
    ╰ help: https://book.getfoundry.sh/reference/forge/forge-lint#unsafe-typecast

warning[block-timestamp]: usage of `block.timestamp` in a comparison may be manipulated by validators
    ╭▸ source/core-v3/contracts/credit/CreditConfiguratorV3.sol:229:21
    │
229 │         rampStart = block.timestamp > rampStart ? uint40(block.timestamp) : rampStart; // I:[CC-30]
    │                     ━━━━━━━━━━━━━━━━━━━━━━━━━━━
    │
    ╰ help: https://book.getfoundry.sh/reference/forge/forge-lint#block-timestamp

warning[block-timestamp]: usage of `block.timestamp` in a comparison may be manipulated by validators
    ╭▸ source/core-v3/contracts/credit/CreditConfiguratorV3.sol:433:40
    │
433 │             if (expirationDate != 0 && block.timestamp + 2 weeks > expirationDate) {
    │                                        ━━━━━━━━━━━━━━━━━━━━━━━━━━━━━━━━━━━━━━━━━━
    │
    ╰ help: https://book.getfoundry.sh/reference/forge/forge-lint#block-timestamp

warning[incorrect-shift]: the order of args in a shift operation is incorrect
    ╭▸ source/core-v3/contracts/credit/CreditConfiguratorV3.sol:471:79
    │
471 │                 address token = CreditManagerV3(creditManager).getTokenByMask(1 << i);
    │                                                                               ━━━━━━
    │
    ╰ help: https://book.getfoundry.sh/reference/forge/forge-lint#incorrect-shift

warning[erc20-unchecked-transfer]: ERC20 'transfer' and 'transferFrom' calls should check the return value
   ╭▸ source/core-v3/contracts/test/mocks/credit/CreditAccountMock.sol:40:33
   │
40 │         if (token.isContract()) IERC20(token).transfer(to, amount);
   │                                 ━━━━━━━━━━━━━━━━━━━━━━━━━━━━━━━━━━
   │
   ╰ help: https://book.getfoundry.sh/reference/forge/forge-lint#erc20-unchecked-transfer

warning[block-timestamp]: usage of `block.timestamp` in a comparison may be manipulated by validators
    ╭▸ source/core-v3/contracts/credit/CreditConfiguratorV3.sol:656:13
    │
656 │         if (newExpirationDate < block.timestamp) revert IncorrectExpirationDateException(); // I:[CC-25]
    │             ━━━━━━━━━━━━━━━━━━━━━━━━━━━━━━━━━━━
    │
    ╰ help: https://book.getfoundry.sh/reference/forge/forge-lint#block-timestamp

warning[block-timestamp]: usage of `block.timestamp` in a comparison may be manipulated by validators
    ╭▸ source/core-v3/contracts/credit/CreditConfiguratorV3.sol:657:13
    │
657 │         if (newExpirationDate < block.timestamp + 2 weeks) newExpirationDate = uint40(block.timestamp + 2 weeks); // I:[CC-25]
    │             ━━━━━━━━━━━━━━━━━━━━━━━━━━━━━━━━━━━━━━━━━━━━━
    │
    ╰ help: https://book.getfoundry.sh/reference/forge/forge-lint#block-timestamp

warning[unsafe-typecast]: typecasts that can truncate values should be checked
    ╭▸ source/core-v3/contracts/test/mocks/pool/PoolMock.sol:120:24
    │
120 │         quotaRevenue = uint96(_quotaRevenue);
    │                        ━━━━━━━━━━━━━━━━━━━━━
    │
    ├ note: consider disabling this lint if you're certain the cast is safe
    │       
    │       // casting to 'uint96' is safe because [explain why]
    │       // forge-lint: disable-next-line(unsafe-typecast)
    │       
    │       
    ╰ help: https://book.getfoundry.sh/reference/forge/forge-lint#unsafe-typecast

warning[unsafe-typecast]: typecasts that can truncate values should be checked
    ╭▸ source/core-v3/contracts/pool/PoolQuotaKeeperV3.sol:153:20
    │
153 │             fees = uint128(uint256(uint96(quotaChange)) * quotaIncreaseFee / PERCENTAGE_FACTOR); // U:[PQK-15]
    │                    ━━━━━━━━━━━━━━━━━━━━━━━━━━━━━━━━━━━━━━━━━━━━━━━━━━━━━━━━━━━━━━━━━━━━━━━━━━━━
    │
    ├ note: consider disabling this lint if you're certain the cast is safe
    │       
    │       // casting to 'uint128' is safe because [explain why]
    │       // forge-lint: disable-next-line(unsafe-typecast)
    │       
    │       
    ╰ help: https://book.getfoundry.sh/reference/forge/forge-lint#unsafe-typecast

warning[unsafe-typecast]: typecasts that can truncate values should be checked
    ╭▸ source/core-v3/contracts/pool/PoolQuotaKeeperV3.sol:153:28
    │
153 │             fees = uint128(uint256(uint96(quotaChange)) * quotaIncreaseFee / PERCENTAGE_FACTOR); // U:[PQK-15]
    │                            ━━━━━━━━━━━━━━━━━━━━━━━━━━━━
    │
    ├ note: consider disabling this lint if you're certain the cast is safe
    │       
    │       // casting to 'uint256' is safe because [explain why]
    │       // forge-lint: disable-next-line(unsafe-typecast)
    │       
    │       
    ╰ help: https://book.getfoundry.sh/reference/forge/forge-lint#unsafe-typecast

warning[unsafe-typecast]: typecasts that can truncate values should be checked
    ╭▸ source/core-v3/contracts/pool/PoolQuotaKeeperV3.sol:153:36
    │
153 │             fees = uint128(uint256(uint96(quotaChange)) * quotaIncreaseFee / PERCENTAGE_FACTOR); // U:[PQK-15]
    │                                    ━━━━━━━━━━━━━━━━━━━
    │
    ├ note: consider disabling this lint if you're certain the cast is safe
    │       
    │       // casting to 'uint96' is safe because [explain why]
    │       // forge-lint: disable-next-line(unsafe-typecast)
    │       
    │       
    ╰ help: https://book.getfoundry.sh/reference/forge/forge-lint#unsafe-typecast

warning[unsafe-typecast]: typecasts that can truncate values should be checked
    ╭▸ source/core-v3/contracts/pool/PoolQuotaKeeperV3.sol:155:34
    │
155 │             newQuoted = quoted + uint96(quotaChange);
    │                                  ━━━━━━━━━━━━━━━━━━━
    │
    ├ note: consider disabling this lint if you're certain the cast is safe
    │       
    │       // casting to 'uint96' is safe because [explain why]
    │       // forge-lint: disable-next-line(unsafe-typecast)
    │       
    │       
    ╰ help: https://book.getfoundry.sh/reference/forge/forge-lint#unsafe-typecast

warning[unsafe-typecast]: typecasts that can truncate values should be checked
    ╭▸ source/core-v3/contracts/pool/PoolQuotaKeeperV3.sol:160:58
    │
160 │             tokenQuotaParams.totalQuoted = totalQuoted + uint96(quotaChange); // U:[PQK-15]
    │                                                          ━━━━━━━━━━━━━━━━━━━
    │
    ├ note: consider disabling this lint if you're certain the cast is safe
    │       
    │       // casting to 'uint96' is safe because [explain why]
    │       // forge-lint: disable-next-line(unsafe-typecast)
    │       
    │       
    ╰ help: https://book.getfoundry.sh/reference/forge/forge-lint#unsafe-typecast

warning[unsafe-typecast]: typecasts that can truncate values should be checked
    ╭▸ source/core-v3/contracts/pool/PoolQuotaKeeperV3.sol:164:32
    │
164 │                 quotaChange = -int96(quoted);
    │                                ━━━━━━━━━━━━━
    │
    ├ note: consider disabling this lint if you're certain the cast is safe
    │       
    │       // casting to 'int96' is safe because [explain why]
    │       // forge-lint: disable-next-line(unsafe-typecast)
    │       
    │       
    ╰ help: https://book.getfoundry.sh/reference/forge/forge-lint#unsafe-typecast

warning[unsafe-typecast]: typecasts that can truncate values should be checked
   ╭▸ source/core-v3/contracts/test/lib/constants.sol:34:44
   │
34 │ uint128 constant DAI_MIN_BORROWED_AMOUNT = uint128(1000 * WAD);
   │                                            ━━━━━━━━━━━━━━━━━━━
   │
   ├ note: consider disabling this lint if you're certain the cast is safe
   │       
   │       // casting to 'uint128' is safe because [explain why]
   │       // forge-lint: disable-next-line(unsafe-typecast)
   │       
   │       
   ╰ help: https://book.getfoundry.sh/reference/forge/forge-lint#unsafe-typecast

warning[unsafe-typecast]: typecasts that can truncate values should be checked
   ╭▸ source/core-v3/contracts/test/lib/constants.sol:35:44
   │
35 │ uint128 constant DAI_MAX_BORROWED_AMOUNT = uint128(10000 * WAD);
   │                                            ━━━━━━━━━━━━━━━━━━━━
   │
   ├ note: consider disabling this lint if you're certain the cast is safe
   │       
   │       // casting to 'uint128' is safe because [explain why]
   │       // forge-lint: disable-next-line(unsafe-typecast)
   │       
   │       
   ╰ help: https://book.getfoundry.sh/reference/forge/forge-lint#unsafe-typecast

warning[unsafe-typecast]: typecasts that can truncate values should be checked
    ╭▸ source/core-v3/contracts/pool/PoolQuotaKeeperV3.sol:168:37
    │
168 │             uint96 absoluteChange = uint96(-quotaChange);
    │                                     ━━━━━━━━━━━━━━━━━━━━
    │
    ├ note: consider disabling this lint if you're certain the cast is safe
    │       
    │       // casting to 'uint96' is safe because [explain why]
    │       // forge-lint: disable-next-line(unsafe-typecast)
    │       
    │       
    ╰ help: https://book.getfoundry.sh/reference/forge/forge-lint#unsafe-typecast

warning[unsafe-typecast]: typecasts that can truncate values should be checked
    ╭▸ source/core-v3/contracts/pool/PoolQuotaKeeperV3.sol:218:93
    │
218 │                 emit UpdateQuota({creditAccount: creditAccount, token: token, quotaChange: -int96(quoted)});
    │                                                                                             ━━━━━━━━━━━━━
    │
    ├ note: consider disabling this lint if you're certain the cast is safe
    │       
    │       // casting to 'int96' is safe because [explain why]
    │       // forge-lint: disable-next-line(unsafe-typecast)
    │       
    │       
    ╰ help: https://book.getfoundry.sh/reference/forge/forge-lint#unsafe-typecast

warning[block-timestamp]: usage of `block.timestamp` in a comparison may be manipulated by validators
    ╭▸ source/core-v3/contracts/pool/TumblerV3.sol:129:13
    │
129 │         if (block.timestamp < IPoolQuotaKeeperV3(poolQuotaKeeper).lastQuotaRateUpdate() + epochLength) return;
    │             ━━━━━━━━━━━━━━━━━━━━━━━━━━━━━━━━━━━━━━━━━━━━━━━━━━━━━━━━━━━━━━━━━━━━━━━━━━━━━━━━━━━━━━━━━
    │
    ╰ help: https://book.getfoundry.sh/reference/forge/forge-lint#block-timestamp

warning[unsafe-typecast]: typecasts that can truncate values should be checked
    ╭▸ source/core-v3/contracts/pool/GaugeV3.sol:137:23
    │
137 │                     : uint16((qrp.minRate * votesCaSide + qrp.maxRate * votesLpSide) / totalVotes); // U:[GA-15]
    │                       ━━━━━━━━━━━━━━━━━━━━━━━━━━━━━━━━━━━━━━━━━━━━━━━━━━━━━━━━━━━━━━━━━━━━━━━━━━━━
    │
    ├ note: consider disabling this lint if you're certain the cast is safe
    │       
    │       // casting to 'uint16' is safe because [explain why]
    │       // forge-lint: disable-next-line(unsafe-typecast)
    │       
    │       
    ╰ help: https://book.getfoundry.sh/reference/forge/forge-lint#unsafe-typecast

warning[unsafe-typecast]: typecasts that can truncate values should be checked
    ╭▸ source/core-v3/contracts/pool/LinearInterestRateModelV3.sol:151:15
    │
151 │         U_1 = uint16(U_1_WAD / (WAD / PERCENTAGE_FACTOR)); // U:[LIM-1]
    │               ━━━━━━━━━━━━━━━━━━━━━━━━━━━━━━━━━━━━━━━━━━━
    │
    ├ note: consider disabling this lint if you're certain the cast is safe
    │       
    │       // casting to 'uint16' is safe because [explain why]
    │       // forge-lint: disable-next-line(unsafe-typecast)
    │       
    │       
    ╰ help: https://book.getfoundry.sh/reference/forge/forge-lint#unsafe-typecast

warning[unsafe-typecast]: typecasts that can truncate values should be checked
    ╭▸ source/core-v3/contracts/pool/LinearInterestRateModelV3.sol:152:15
    │
152 │         U_2 = uint16(U_2_WAD / (WAD / PERCENTAGE_FACTOR)); // U:[LIM-1]
    │               ━━━━━━━━━━━━━━━━━━━━━━━━━━━━━━━━━━━━━━━━━━━
    │
    ├ note: consider disabling this lint if you're certain the cast is safe
    │       
    │       // casting to 'uint16' is safe because [explain why]
    │       // forge-lint: disable-next-line(unsafe-typecast)
    │       
    │       
    ╰ help: https://book.getfoundry.sh/reference/forge/forge-lint#unsafe-typecast

warning[unsafe-typecast]: typecasts that can truncate values should be checked
    ╭▸ source/core-v3/contracts/pool/LinearInterestRateModelV3.sol:153:18
    │
153 │         R_base = uint16(R_base_RAY / (RAY / PERCENTAGE_FACTOR)); // U:[LIM-1]
    │                  ━━━━━━━━━━━━━━━━━━━━━━━━━━━━━━━━━━━━━━━━━━━━━━
    │
    ├ note: consider disabling this lint if you're certain the cast is safe
    │       
    │       // casting to 'uint16' is safe because [explain why]
    │       // forge-lint: disable-next-line(unsafe-typecast)
    │       
    │       
    ╰ help: https://book.getfoundry.sh/reference/forge/forge-lint#unsafe-typecast

warning[unsafe-typecast]: typecasts that can truncate values should be checked
    ╭▸ source/core-v3/contracts/pool/LinearInterestRateModelV3.sol:154:20
    │
154 │         R_slope1 = uint16(R_slope1_RAY / (RAY / PERCENTAGE_FACTOR)); // U:[LIM-1]
    │                    ━━━━━━━━━━━━━━━━━━━━━━━━━━━━━━━━━━━━━━━━━━━━━━━━
    │
    ├ note: consider disabling this lint if you're certain the cast is safe
    │       
    │       // casting to 'uint16' is safe because [explain why]
    │       // forge-lint: disable-next-line(unsafe-typecast)
    │       
    │       
    ╰ help: https://book.getfoundry.sh/reference/forge/forge-lint#unsafe-typecast

warning[incorrect-shift]: the order of args in a shift operation is incorrect
    ╭▸ source/core-v3/contracts/test/helpers/IntegrationTestHelper.sol:611:58
    │
611 │             address token = creditManager.getTokenByMask(1 << i);
    │                                                          ━━━━━━
    │
    ╰ help: https://book.getfoundry.sh/reference/forge/forge-lint#incorrect-shift

warning[incorrect-shift]: the order of args in a shift operation is incorrect
    ╭▸ source/core-v3/contracts/test/helpers/IntegrationTestHelper.sol:623:68
    │
623 │             (address token,) = creditManager.collateralTokenByMask(1 << i);
    │                                                                    ━━━━━━
    │
    ╰ help: https://book.getfoundry.sh/reference/forge/forge-lint#incorrect-shift

warning[unsafe-typecast]: typecasts that can truncate values should be checked
    ╭▸ source/core-v3/contracts/pool/LinearInterestRateModelV3.sol:155:20
    │
155 │         R_slope2 = uint16(R_slope2_RAY / (RAY / PERCENTAGE_FACTOR)); // U:[LIM-1]
    │                    ━━━━━━━━━━━━━━━━━━━━━━━━━━━━━━━━━━━━━━━━━━━━━━━━
    │
    ├ note: consider disabling this lint if you're certain the cast is safe
    │       
    │       // casting to 'uint16' is safe because [explain why]
    │       // forge-lint: disable-next-line(unsafe-typecast)
    │       
    │       
    ╰ help: https://book.getfoundry.sh/reference/forge/forge-lint#unsafe-typecast

warning[unsafe-typecast]: typecasts that can truncate values should be checked
    ╭▸ source/core-v3/contracts/pool/LinearInterestRateModelV3.sol:156:20
    │
156 │         R_slope3 = uint16(R_slope3_RAY / (RAY / PERCENTAGE_FACTOR)); // U:[LIM-1]
    │                    ━━━━━━━━━━━━━━━━━━━━━━━━━━━━━━━━━━━━━━━━━━━━━━━━
    │
    ├ note: consider disabling this lint if you're certain the cast is safe
    │       
    │       // casting to 'uint16' is safe because [explain why]
    │       // forge-lint: disable-next-line(unsafe-typecast)
    │       
    │       
    ╰ help: https://book.getfoundry.sh/reference/forge/forge-lint#unsafe-typecast

warning[erc20-unchecked-transfer]: ERC20 'transfer' and 'transferFrom' calls should check the return value
    ╭▸ source/core-v3/contracts/test/helpers/IntegrationTestHelper.sol:668:9
    │
668 │         IERC20(weth).transfer(address(this), tokenTestSuite.balanceOf(TOKEN_WETH, tester));
    │         ━━━━━━━━━━━━━━━━━━━━━━━━━━━━━━━━━━━━━━━━━━━━━━━━━━━━━━━━━━━━━━━━━━━━━━━━━━━━━━━━━━
    │
    ╰ help: https://book.getfoundry.sh/reference/forge/forge-lint#erc20-unchecked-transfer

warning[block-timestamp]: usage of `block.timestamp` in a comparison may be manipulated by validators
    ╭▸ source/core-v3/contracts/pool/PoolV3.sol:562:13
    │
562 │         if (block.timestamp == timestampLU) return _baseInterestIndexLU; // U:[LP-16]
    │             ━━━━━━━━━━━━━━━━━━━━━━━━━━━━━━
    │
    ╰ help: https://book.getfoundry.sh/reference/forge/forge-lint#block-timestamp

warning[block-timestamp]: usage of `block.timestamp` in a comparison may be manipulated by validators
    ╭▸ source/core-v3/contracts/pool/PoolV3.sol:574:13
    │
574 │         if (block.timestamp == timestampLU) return 0; // U:[LP-17]
    │             ━━━━━━━━━━━━━━━━━━━━━━━━━━━━━━
    │
    ╰ help: https://book.getfoundry.sh/reference/forge/forge-lint#block-timestamp

warning[block-timestamp]: usage of `block.timestamp` in a comparison may be manipulated by validators
    ╭▸ source/core-v3/contracts/pool/PoolV3.sol:593:13
    │
593 │         if (block.timestamp != lastBaseInterestUpdate_) {
    │             ━━━━━━━━━━━━━━━━━━━━━━━━━━━━━━━━━━━━━━━━━━
    │
    ╰ help: https://book.getfoundry.sh/reference/forge/forge-lint#block-timestamp

warning[block-timestamp]: usage of `block.timestamp` in a comparison may be manipulated by validators
    ╭▸ source/core-v3/contracts/pool/PoolV3.sol:598:13
    │
598 │         if (block.timestamp != lastQuotaRevenueUpdate) {
    │             ━━━━━━━━━━━━━━━━━━━━━━━━━━━━━━━━━━━━━━━━━
    │
    ╰ help: https://book.getfoundry.sh/reference/forge/forge-lint#block-timestamp

warning[block-timestamp]: usage of `block.timestamp` in a comparison may be manipulated by validators
    ╭▸ source/core-v3/contracts/pool/PoolV3.sol:654:13
    │
654 │         if (block.timestamp == timestampLU) return 0; // U:[LP-21]
    │             ━━━━━━━━━━━━━━━━━━━━━━━━━━━━━━
    │
    ╰ help: https://book.getfoundry.sh/reference/forge/forge-lint#block-timestamp

warning[block-timestamp]: usage of `block.timestamp` in a comparison may be manipulated by validators
    ╭▸ source/core-v3/contracts/pool/PoolV3.sol:663:13
    │
663 │         if (block.timestamp != timestampLU) {
    │             ━━━━━━━━━━━━━━━━━━━━━━━━━━━━━━
    │
    ╰ help: https://book.getfoundry.sh/reference/forge/forge-lint#block-timestamp

warning[unsafe-typecast]: typecasts that can truncate values should be checked
    ╭▸ source/core-v3/contracts/pool/PoolV3.sol:148:32
    │
148 │         _baseInterestIndexLU = uint128(RAY); // U:[LP-1B]
    │                                ━━━━━━━━━━━━
    │
    ├ note: consider disabling this lint if you're certain the cast is safe
    │       
    │       // casting to 'uint128' is safe because [explain why]
    │       // forge-lint: disable-next-line(unsafe-typecast)
    │       
    │       
    ╰ help: https://book.getfoundry.sh/reference/forge/forge-lint#unsafe-typecast

warning[block-timestamp]: usage of `block.timestamp` in a comparison may be manipulated by validators
   ╭▸ source/core-v3/contracts/traits/PriceFeedValidationTrait.sol:28:27
   │
28 │         if (!skipCheck && block.timestamp >= updatedAt + stalenessPeriod) revert StalePriceException();
   │                           ━━━━━━━━━━━━━━━━━━━━━━━━━━━━━━━━━━━━━━━━━━━━━━
   │
   ╰ help: https://book.getfoundry.sh/reference/forge/forge-lint#block-timestamp

warning[unsafe-typecast]: typecasts that can truncate values should be checked
  ╭▸ source/core-v3/contracts/libraries/QuotasLogic.sol:8:46
  │
8 │ uint192 constant RAY_DIVIDED_BY_PERCENTAGE = uint192(RAY / PERCENTAGE_FACTOR);
  │                                              ━━━━━━━━━━━━━━━━━━━━━━━━━━━━━━━━
  │
  ├ note: consider disabling this lint if you're certain the cast is safe
  │       
  │       // casting to 'uint192' is safe because [explain why]
  │       // forge-lint: disable-next-line(unsafe-typecast)
  │       
  │       
  ╰ help: https://book.getfoundry.sh/reference/forge/forge-lint#unsafe-typecast

warning[unsafe-typecast]: typecasts that can truncate values should be checked
   ╭▸ source/core-v3/contracts/libraries/QuotasLogic.sol:20:16
   │
20 │           return uint192(
   │ ┏━━━━━━━━━━━━━━━━┛
21 │ ┃             uint256(cumulativeIndexLU)
22 │ ┃                 + RAY_DIVIDED_BY_PERCENTAGE * (block.timestamp - lastQuotaRateUpdate) * rate / SECONDS_PER_YEAR
23 │ ┃         ); // U:[QL-1]
   │ ┗━━━━━━━━━┛
   │
   ├ note: consider disabling this lint if you're certain the cast is safe
   │       
   │       // casting to 'uint192' is safe because [explain why]
   │       // forge-lint: disable-next-line(unsafe-typecast)
   │       
   │       
   ╰ help: https://book.getfoundry.sh/reference/forge/forge-lint#unsafe-typecast

warning[unsafe-typecast]: typecasts that can truncate values should be checked
   ╭▸ source/core-v3/contracts/libraries/QuotasLogic.sol:33:16
   │
33 │         return uint128(uint256(quoted) * (cumulativeIndexNow - cumulativeIndexLU) / RAY); // U:[QL-2]
   │                ━━━━━━━━━━━━━━━━━━━━━━━━━━━━━━━━━━━━━━━━━━━━━━━━━━━━━━━━━━━━━━━━━━━━━━━━━
   │
   ├ note: consider disabling this lint if you're certain the cast is safe
   │       
   │       // casting to 'uint128' is safe because [explain why]
   │       // forge-lint: disable-next-line(unsafe-typecast)
   │       
   │       
   ╰ help: https://book.getfoundry.sh/reference/forge/forge-lint#unsafe-typecast

warning[unsafe-typecast]: typecasts that can truncate values should be checked
   ╭▸ source/core-v3/contracts/libraries/QuotasLogic.sol:38:49
   │
38 │         return change * int256(uint256(rate)) / int16(PERCENTAGE_FACTOR);
   │                                                 ━━━━━━━━━━━━━━━━━━━━━━━━
   │
   ├ note: consider disabling this lint if you're certain the cast is safe
   │       
   │       // casting to 'int16' is safe because [explain why]
   │       // forge-lint: disable-next-line(unsafe-typecast)
   │       
   │       
   ╰ help: https://book.getfoundry.sh/reference/forge/forge-lint#unsafe-typecast

warning[unsafe-typecast]: typecasts that can truncate values should be checked
   ╭▸ source/core-v3/contracts/libraries/QuotasLogic.sol:55:20
   │
55 │             return uint96(requestedChange) > maxQuotaCapacity ? int96(maxQuotaCapacity) : requestedChange;
   │                    ━━━━━━━━━━━━━━━━━━━━━━━
   │
   ├ note: consider disabling this lint if you're certain the cast is safe
   │       
   │       // casting to 'uint96' is safe because [explain why]
   │       // forge-lint: disable-next-line(unsafe-typecast)
   │       
   │       
   ╰ help: https://book.getfoundry.sh/reference/forge/forge-lint#unsafe-typecast

warning[unsafe-typecast]: typecasts that can truncate values should be checked
   ╭▸ source/core-v3/contracts/libraries/QuotasLogic.sol:55:65
   │
55 │             return uint96(requestedChange) > maxQuotaCapacity ? int96(maxQuotaCapacity) : requestedChange;
   │                                                                 ━━━━━━━━━━━━━━━━━━━━━━━
   │
   ├ note: consider disabling this lint if you're certain the cast is safe
   │       
   │       // casting to 'int96' is safe because [explain why]
   │       // forge-lint: disable-next-line(unsafe-typecast)
   │       
   │       
   ╰ help: https://book.getfoundry.sh/reference/forge/forge-lint#unsafe-typecast

warning[block-timestamp]: usage of `block.timestamp` in a comparison may be manipulated by validators
    ╭▸ source/core-v3/contracts/libraries/CreditLogic.sol:116:13
    │
116 │         if (block.timestamp <= timestampRampStart) return ltInitial; // U:[CL-5]
    │             ━━━━━━━━━━━━━━━━━━━━━━━━━━━━━━━━━━━━━
    │
    ╰ help: https://book.getfoundry.sh/reference/forge/forge-lint#block-timestamp

warning[block-timestamp]: usage of `block.timestamp` in a comparison may be manipulated by validators
    ╭▸ source/core-v3/contracts/libraries/CreditLogic.sol:119:13
    │
119 │         if (block.timestamp >= timestampRampEnd) return ltFinal; // U:[CL-5]
    │             ━━━━━━━━━━━━━━━━━━━━━━━━━━━━━━━━━━━
    │
    ╰ help: https://book.getfoundry.sh/reference/forge/forge-lint#block-timestamp

warning[unsafe-typecast]: typecasts that can truncate values should be checked
    ╭▸ source/core-v3/contracts/libraries/CreditLogic.sol:205:48
    │
205 │                     newQuotaFees = quotaFees - uint128(amountToRepay); // U:[CL-3]
    │                                                ━━━━━━━━━━━━━━━━━━━━━━
    │
    ├ note: consider disabling this lint if you're certain the cast is safe
    │       
    │       // casting to 'uint128' is safe because [explain why]
    │       // forge-lint: disable-next-line(unsafe-typecast)
    │       
    │       
    ╰ help: https://book.getfoundry.sh/reference/forge/forge-lint#unsafe-typecast

warning[unsafe-typecast]: typecasts that can truncate values should be checked
    ╭▸ source/core-v3/contracts/libraries/CreditLogic.sol:227:46
    │
227 │                 newCumulativeQuotaInterest = uint128(cumulativeQuotaInterest - amountToPool); // U:[CL-3]
    │                                              ━━━━━━━━━━━━━━━━━━━━━━━━━━━━━━━━━━━━━━━━━━━━━━━
    │
    ├ note: consider disabling this lint if you're certain the cast is safe
    │       
    │       // casting to 'uint128' is safe because [explain why]
    │       // forge-lint: disable-next-line(unsafe-typecast)
    │       
    │       
    ╰ help: https://book.getfoundry.sh/reference/forge/forge-lint#unsafe-typecast

warning[unsafe-typecast]: typecasts that can truncate values should be checked
   ╭▸ source/core-v3/contracts/libraries/BitMask.sol:57:36
   │
57 │             return mask & uint256(-int256(mask)); // U:[BM-6]
   │                                    ━━━━━━━━━━━━
   │
   ├ note: consider disabling this lint if you're certain the cast is safe
   │       
   │       // casting to 'int256' is safe because [explain why]
   │       // forge-lint: disable-next-line(unsafe-typecast)
   │       
   │       
   ╰ help: https://book.getfoundry.sh/reference/forge/forge-lint#unsafe-typecast

